\BOOKMARK [1][-]{section.1}{\376\377\000C\000A\000P\000I\000T\000A\000L\000\040\000C\000O\000S\000T\000S\000\040\000\050\000P\000V\000\051}{}% 1
\BOOKMARK [2][-]{subsection.1.1}{\376\377\000B\000u\000i\000l\000d\000\040\000C\000o\000s\000t\000s}{section.1}% 2
\BOOKMARK [2][-]{subsection.1.2}{\376\377\000R\000O\000W\000\040\000C\000o\000s\000t\000s}{section.1}% 3
\BOOKMARK [2][-]{subsection.1.3}{\376\377\000E\000n\000v\000i\000r\000o\000n\000m\000e\000n\000t\000a\000l\000\040\000M\000i\000t\000i\000g\000a\000t\000i\000o\000n\000\040\000C\000o\000s\000t\000s}{section.1}% 4
\BOOKMARK [1][-]{section.2}{\376\377\000O\000P\000E\000R\000A\000T\000I\000O\000N\000A\000L\000\040\000C\000O\000S\000T\000S\000\040\000\050\000P\000V\000\051}{}% 5
\BOOKMARK [2][-]{subsection.2.1}{\376\377\000O\000\046\000M\000\040\000C\000o\000s\000t\000s}{section.2}% 6
\BOOKMARK [2][-]{subsection.2.2}{\376\377\000I\000n\000s\000u\000r\000a\000n\000c\000e\000\040\000C\000o\000s\000t\000s\000\040\000\050\000O\000p\000e\000r\000a\000t\000i\000o\000n\000a\000l\000\051}{section.2}% 7
\BOOKMARK [1][-]{section.3}{\376\377\000E\000N\000E\000R\000G\000Y\000\040\000\046\000\040\000E\000M\000I\000S\000S\000I\000O\000N\000S\000\040\000C\000O\000S\000T\000S\000\040\000\050\000P\000V\000\051}{}% 8
\BOOKMARK [2][-]{subsection.3.1}{\376\377\000L\000i\000n\000e\000\040\000L\000o\000s\000s\000\040\000C\000o\000s\000t\000s}{section.3}% 9
\BOOKMARK [2][-]{subsection.3.2}{\376\377\000E\000m\000i\000s\000s\000i\000o\000n\000s\000\040\000C\000o\000s\000t\000s}{section.3}% 10
\BOOKMARK [1][-]{section.4}{\376\377\000R\000I\000S\000K\000\040\000C\000O\000S\000T\000S\000\040\000\050\000P\000V\000\051}{}% 11
\BOOKMARK [2][-]{subsection.4.1}{\376\377\000W\000i\000l\000d\000f\000i\000r\000e\000\040\000C\000o\000s\000t\000s}{section.4}% 12
\BOOKMARK [2][-]{subsection.4.2}{\376\377\000O\000u\000t\000a\000g\000e\000\040\000C\000o\000s\000t\000s}{section.4}% 13
\BOOKMARK [2][-]{subsection.4.3}{\376\377\000W\000i\000l\000d\000f\000i\000r\000e\000\040\000L\000i\000a\000b\000i\000l\000i\000t\000y\000\040\000I\000n\000s\000u\000r\000a\000n\000c\000e}{section.4}% 14
\BOOKMARK [1][-]{section.5}{\376\377\000D\000E\000L\000A\000Y\000\040\000C\000O\000S\000T\000S\000\040\000\050\000P\000V\000\051}{}% 15
\BOOKMARK [1][-]{section.6}{\376\377\000C\000O\000N\000G\000E\000S\000T\000I\000O\000N\000\040\000\046\000\040\000C\000U\000R\000T\000A\000I\000L\000M\000E\000N\000T\000\040\000\050\000B\000e\000n\000e\000f\000i\000t\000s\000\040\000a\000n\000d\000\040\000C\000o\000s\000t\000s\000\051}{}% 16
\BOOKMARK [2][-]{subsection.6.1}{\376\377\000C\000a\000p\000a\000c\000i\000t\000y\000\040\000R\000e\000l\000i\000e\000f\000\040\000C\000a\000l\000c\000u\000l\000a\000t\000i\000o\000n}{section.6}% 17
\BOOKMARK [2][-]{subsection.6.2}{\376\377\000C\000u\000r\000t\000a\000i\000l\000m\000e\000n\000t\000\040\000B\000e\000n\000e\000f\000i\000t\000s}{section.6}% 18
\BOOKMARK [2][-]{subsection.6.3}{\376\377\000C\000o\000n\000g\000e\000s\000t\000i\000o\000n\000\040\000B\000e\000n\000e\000f\000i\000t\000s}{section.6}% 19
\BOOKMARK [2][-]{subsection.6.4}{\376\377\000C\000o\000n\000g\000e\000s\000t\000i\000o\000n\000/\000C\000u\000r\000t\000a\000i\000l\000m\000e\000n\000t\000\040\000C\000o\000s\000t\000s\000\040\000\050\000O\000p\000p\000o\000r\000t\000u\000n\000i\000t\000y\000\040\000C\000o\000s\000t\000s\000\040\000D\000u\000r\000i\000n\000g\000\040\000D\000e\000l\000a\000y\000\051}{section.6}% 20
\BOOKMARK [2][-]{subsection.6.5}{\376\377\000R\000e\000s\000i\000d\000u\000a\000l\000\040\000C\000o\000n\000g\000e\000s\000t\000i\000o\000n\000\040\000\050\000U\000n\000r\000e\000l\000i\000e\000v\000e\000d\000\051}{section.6}% 21
\BOOKMARK [1][-]{section.7}{\376\377\000R\000E\000V\000E\000N\000U\000E\000\040\000R\000E\000Q\000U\000I\000R\000E\000M\000E\000N\000T\000\040\000\050\000B\000e\000n\000e\000f\000i\000t\000s\000\040\000-\000\040\000F\000i\000r\000m\000\040\000P\000e\000r\000s\000p\000e\000c\000t\000i\000v\000e\000\051}{}% 22
\BOOKMARK [1][-]{section.8}{\376\377\000F\000I\000N\000A\000L\000\040\000T\000O\000T\000A\000L\000\040\000S\000Y\000S\000T\000E\000M\000\040\000C\000O\000S\000T\000\040\000\050\000P\000r\000e\000s\000e\000n\000t\000\040\000V\000a\000l\000u\000e\000\051}{}% 23
\BOOKMARK [1][-]{section.9}{\376\377\000F\000U\000L\000L\000Y\000\040\000E\000X\000P\000A\000N\000D\000E\000D\000\040\000S\000I\000N\000G\000L\000E\000\040\000E\000Q\000U\000A\000T\000I\000O\000N}{}% 24
