This is pdfTeX, Version 3.141592653-2.6-1.40.27 (TeX Live 2025) (preloaded format=pdflatex 2025.3.8)  9 NOV 2025 16:30
entering extended mode
 restricted \write18 enabled.
 file:line:error style messages enabled.
 %&-line parsing enabled.
**"/Users/ai17/Documents/UT Austin/Research/Webber Energy Group/Comprehensive Transmission Cost Calculator/Python Version/yaml_configuration_guide.tex"
(/Users/ai17/Documents/UT Austin/Research/Webber Energy Group/Comprehensive Transmission Cost Calculator/Python Version/yaml_configuration_guide.tex
LaTeX2e <2024-11-01> patch level 2
L3 programming layer <2025-01-18>
(/usr/local/texlive/2025/texmf-dist/tex/latex/base/article.cls
Document Class: article 2024/06/29 v1.4n Standard LaTeX document class
(/usr/local/texlive/2025/texmf-dist/tex/latex/base/size11.clo
File: size11.clo 2024/06/29 v1.4n Standard LaTeX file (size option)
)
\c@part=\count196
\c@section=\count197
\c@subsection=\count198
\c@subsubsection=\count199
\c@paragraph=\count266
\c@subparagraph=\count267
\c@figure=\count268
\c@table=\count269
\abovecaptionskip=\skip49
\belowcaptionskip=\skip50
\bibindent=\dimen141
) (/usr/local/texlive/2025/texmf-dist/tex/latex/base/inputenc.sty
Package: inputenc 2024/02/08 v1.3d Input encoding file
\inpenc@prehook=\toks17
\inpenc@posthook=\toks18
) (/usr/local/texlive/2025/texmf-dist/tex/latex/geometry/geometry.sty
Package: geometry 2020/01/02 v5.9 Page Geometry
 (/usr/local/texlive/2025/texmf-dist/tex/latex/graphics/keyval.sty
Package: keyval 2022/05/29 v1.15 key=value parser (DPC)
\KV@toks@=\toks19
) (/usr/local/texlive/2025/texmf-dist/tex/generic/iftex/ifvtex.sty
Package: ifvtex 2019/10/25 v1.7 ifvtex legacy package. Use iftex instead.
 (/usr/local/texlive/2025/texmf-dist/tex/generic/iftex/iftex.sty
Package: iftex 2024/12/12 v1.0g TeX engine tests
))
\Gm@cnth=\count270
\Gm@cntv=\count271
\c@Gm@tempcnt=\count272
\Gm@bindingoffset=\dimen142
\Gm@wd@mp=\dimen143
\Gm@odd@mp=\dimen144
\Gm@even@mp=\dimen145
\Gm@layoutwidth=\dimen146
\Gm@layoutheight=\dimen147
\Gm@layouthoffset=\dimen148
\Gm@layoutvoffset=\dimen149
\Gm@dimlist=\toks20
) (/usr/local/texlive/2025/texmf-dist/tex/latex/amsmath/amsmath.sty
Package: amsmath 2024/11/05 v2.17t AMS math features
\@mathmargin=\skip51

For additional information on amsmath, use the `?' option.
(/usr/local/texlive/2025/texmf-dist/tex/latex/amsmath/amstext.sty
Package: amstext 2021/08/26 v2.01 AMS text
 (/usr/local/texlive/2025/texmf-dist/tex/latex/amsmath/amsgen.sty
File: amsgen.sty 1999/11/30 v2.0 generic functions
\@emptytoks=\toks21
\ex@=\dimen150
)) (/usr/local/texlive/2025/texmf-dist/tex/latex/amsmath/amsbsy.sty
Package: amsbsy 1999/11/29 v1.2d Bold Symbols
\pmbraise@=\dimen151
) (/usr/local/texlive/2025/texmf-dist/tex/latex/amsmath/amsopn.sty
Package: amsopn 2022/04/08 v2.04 operator names
)
\inf@bad=\count273
LaTeX Info: Redefining \frac on input line 233.
\uproot@=\count274
\leftroot@=\count275
LaTeX Info: Redefining \overline on input line 398.
LaTeX Info: Redefining \colon on input line 409.
\classnum@=\count276
\DOTSCASE@=\count277
LaTeX Info: Redefining \ldots on input line 495.
LaTeX Info: Redefining \dots on input line 498.
LaTeX Info: Redefining \cdots on input line 619.
\Mathstrutbox@=\box52
\strutbox@=\box53
LaTeX Info: Redefining \big on input line 721.
LaTeX Info: Redefining \Big on input line 722.
LaTeX Info: Redefining \bigg on input line 723.
LaTeX Info: Redefining \Bigg on input line 724.
\big@size=\dimen152
LaTeX Font Info:    Redeclaring font encoding OML on input line 742.
LaTeX Font Info:    Redeclaring font encoding OMS on input line 743.
\macc@depth=\count278
LaTeX Info: Redefining \bmod on input line 904.
LaTeX Info: Redefining \pmod on input line 909.
LaTeX Info: Redefining \smash on input line 939.
LaTeX Info: Redefining \relbar on input line 969.
LaTeX Info: Redefining \Relbar on input line 970.
\c@MaxMatrixCols=\count279
\dotsspace@=\muskip17
\c@parentequation=\count280
\dspbrk@lvl=\count281
\tag@help=\toks22
\row@=\count282
\column@=\count283
\maxfields@=\count284
\andhelp@=\toks23
\eqnshift@=\dimen153
\alignsep@=\dimen154
\tagshift@=\dimen155
\tagwidth@=\dimen156
\totwidth@=\dimen157
\lineht@=\dimen158
\@envbody=\toks24
\multlinegap=\skip52
\multlinetaggap=\skip53
\mathdisplay@stack=\toks25
LaTeX Info: Redefining \[ on input line 2953.
LaTeX Info: Redefining \] on input line 2954.
) (/usr/local/texlive/2025/texmf-dist/tex/latex/listings/listings.sty
\lst@mode=\count285
\lst@gtempboxa=\box54
\lst@token=\toks26
\lst@length=\count286
\lst@currlwidth=\dimen159
\lst@column=\count287
\lst@pos=\count288
\lst@lostspace=\dimen160
\lst@width=\dimen161
\lst@newlines=\count289
\lst@lineno=\count290
\lst@maxwidth=\dimen162
 (/usr/local/texlive/2025/texmf-dist/tex/latex/listings/lstpatch.sty
File: lstpatch.sty 2024/09/23 1.10c (Carsten Heinz)
) (/usr/local/texlive/2025/texmf-dist/tex/latex/listings/lstmisc.sty
File: lstmisc.sty 2024/09/23 1.10c (Carsten Heinz)
\c@lstnumber=\count291
\lst@skipnumbers=\count292
\lst@framebox=\box55
) (/usr/local/texlive/2025/texmf-dist/tex/latex/listings/listings.cfg
File: listings.cfg 2024/09/23 1.10c listings configuration
))
Package: listings 2024/09/23 1.10c (Carsten Heinz)
 (/usr/local/texlive/2025/texmf-dist/tex/latex/xcolor/xcolor.sty
Package: xcolor 2024/09/29 v3.02 LaTeX color extensions (UK)
 (/usr/local/texlive/2025/texmf-dist/tex/latex/graphics-cfg/color.cfg
File: color.cfg 2016/01/02 v1.6 sample color configuration
)
Package xcolor Info: Driver file: pdftex.def on input line 274.
 (/usr/local/texlive/2025/texmf-dist/tex/latex/graphics-def/pdftex.def
File: pdftex.def 2024/04/13 v1.2c Graphics/color driver for pdftex
) (/usr/local/texlive/2025/texmf-dist/tex/latex/graphics/mathcolor.ltx)
Package xcolor Info: Model `cmy' substituted by `cmy0' on input line 1349.
Package xcolor Info: Model `hsb' substituted by `rgb' on input line 1353.
Package xcolor Info: Model `RGB' extended on input line 1365.
Package xcolor Info: Model `HTML' substituted by `rgb' on input line 1367.
Package xcolor Info: Model `Hsb' substituted by `hsb' on input line 1368.
Package xcolor Info: Model `tHsb' substituted by `hsb' on input line 1369.
Package xcolor Info: Model `HSB' substituted by `hsb' on input line 1370.
Package xcolor Info: Model `Gray' substituted by `gray' on input line 1371.
Package xcolor Info: Model `wave' substituted by `hsb' on input line 1372.
) (/usr/local/texlive/2025/texmf-dist/tex/latex/hyperref/hyperref.sty
Package: hyperref 2024-11-05 v7.01l Hypertext links for LaTeX
 (/usr/local/texlive/2025/texmf-dist/tex/latex/kvsetkeys/kvsetkeys.sty
Package: kvsetkeys 2022-10-05 v1.19 Key value parser (HO)
) (/usr/local/texlive/2025/texmf-dist/tex/generic/kvdefinekeys/kvdefinekeys.sty
Package: kvdefinekeys 2019-12-19 v1.6 Define keys (HO)
) (/usr/local/texlive/2025/texmf-dist/tex/generic/pdfescape/pdfescape.sty
Package: pdfescape 2019/12/09 v1.15 Implements pdfTeX's escape features (HO)
 (/usr/local/texlive/2025/texmf-dist/tex/generic/ltxcmds/ltxcmds.sty
Package: ltxcmds 2023-12-04 v1.26 LaTeX kernel commands for general use (HO)
) (/usr/local/texlive/2025/texmf-dist/tex/generic/pdftexcmds/pdftexcmds.sty
Package: pdftexcmds 2020-06-27 v0.33 Utility functions of pdfTeX for LuaTeX (HO)
 (/usr/local/texlive/2025/texmf-dist/tex/generic/infwarerr/infwarerr.sty
Package: infwarerr 2019/12/03 v1.5 Providing info/warning/error messages (HO)
)
Package pdftexcmds Info: \pdf@primitive is available.
Package pdftexcmds Info: \pdf@ifprimitive is available.
Package pdftexcmds Info: \pdfdraftmode found.
)) (/usr/local/texlive/2025/texmf-dist/tex/latex/hycolor/hycolor.sty
Package: hycolor 2020-01-27 v1.10 Color options for hyperref/bookmark (HO)
) (/usr/local/texlive/2025/texmf-dist/tex/latex/hyperref/nameref.sty
Package: nameref 2023-11-26 v2.56 Cross-referencing by name of section
 (/usr/local/texlive/2025/texmf-dist/tex/latex/refcount/refcount.sty
Package: refcount 2019/12/15 v3.6 Data extraction from label references (HO)
) (/usr/local/texlive/2025/texmf-dist/tex/generic/gettitlestring/gettitlestring.sty
Package: gettitlestring 2019/12/15 v1.6 Cleanup title references (HO)
 (/usr/local/texlive/2025/texmf-dist/tex/latex/kvoptions/kvoptions.sty
Package: kvoptions 2022-06-15 v3.15 Key value format for package options (HO)
))
\c@section@level=\count293
) (/usr/local/texlive/2025/texmf-dist/tex/latex/etoolbox/etoolbox.sty
Package: etoolbox 2025/02/11 v2.5l e-TeX tools for LaTeX (JAW)
\etb@tempcnta=\count294
) (/usr/local/texlive/2025/texmf-dist/tex/generic/stringenc/stringenc.sty
Package: stringenc 2019/11/29 v1.12 Convert strings between diff. encodings (HO)
)
\@linkdim=\dimen163
\Hy@linkcounter=\count295
\Hy@pagecounter=\count296
 (/usr/local/texlive/2025/texmf-dist/tex/latex/hyperref/pd1enc.def
File: pd1enc.def 2024-11-05 v7.01l Hyperref: PDFDocEncoding definition (HO)
Now handling font encoding PD1 ...
... no UTF-8 mapping file for font encoding PD1
) (/usr/local/texlive/2025/texmf-dist/tex/generic/intcalc/intcalc.sty
Package: intcalc 2019/12/15 v1.3 Expandable calculations with integers (HO)
)
\Hy@SavedSpaceFactor=\count297
 (/usr/local/texlive/2025/texmf-dist/tex/latex/hyperref/puenc.def
File: puenc.def 2024-11-05 v7.01l Hyperref: PDF Unicode definition (HO)
Now handling font encoding PU ...
... no UTF-8 mapping file for font encoding PU
)
Package hyperref Info: Hyper figures OFF on input line 4157.
Package hyperref Info: Link nesting OFF on input line 4162.
Package hyperref Info: Hyper index ON on input line 4165.
Package hyperref Info: Plain pages OFF on input line 4172.
Package hyperref Info: Backreferencing OFF on input line 4177.
Package hyperref Info: Implicit mode ON; LaTeX internals redefined.
Package hyperref Info: Bookmarks ON on input line 4424.
\c@Hy@tempcnt=\count298
 (/usr/local/texlive/2025/texmf-dist/tex/latex/url/url.sty
\Urlmuskip=\muskip18
Package: url 2013/09/16  ver 3.4  Verb mode for urls, etc.
)
LaTeX Info: Redefining \url on input line 4763.
\XeTeXLinkMargin=\dimen164
 (/usr/local/texlive/2025/texmf-dist/tex/generic/bitset/bitset.sty
Package: bitset 2019/12/09 v1.3 Handle bit-vector datatype (HO)
 (/usr/local/texlive/2025/texmf-dist/tex/generic/bigintcalc/bigintcalc.sty
Package: bigintcalc 2019/12/15 v1.5 Expandable calculations on big integers (HO)
))
\Fld@menulength=\count299
\Field@Width=\dimen165
\Fld@charsize=\dimen166
Package hyperref Info: Hyper figures OFF on input line 6042.
Package hyperref Info: Link nesting OFF on input line 6047.
Package hyperref Info: Hyper index ON on input line 6050.
Package hyperref Info: backreferencing OFF on input line 6057.
Package hyperref Info: Link coloring OFF on input line 6062.
Package hyperref Info: Link coloring with OCG OFF on input line 6067.
Package hyperref Info: PDF/A mode OFF on input line 6072.
 (/usr/local/texlive/2025/texmf-dist/tex/latex/base/atbegshi-ltx.sty
Package: atbegshi-ltx 2021/01/10 v1.0c Emulation of the original atbegshi
package with kernel methods
)
\Hy@abspage=\count300
\c@Item=\count301
\c@Hfootnote=\count302
)
Package hyperref Info: Driver (autodetected): hpdftex.
 (/usr/local/texlive/2025/texmf-dist/tex/latex/hyperref/hpdftex.def
File: hpdftex.def 2024-11-05 v7.01l Hyperref driver for pdfTeX
 (/usr/local/texlive/2025/texmf-dist/tex/latex/base/atveryend-ltx.sty
Package: atveryend-ltx 2020/08/19 v1.0a Emulation of the original atveryend package
with kernel methods
)
\Fld@listcount=\count303
\c@bookmark@seq@number=\count304
 (/usr/local/texlive/2025/texmf-dist/tex/latex/rerunfilecheck/rerunfilecheck.sty
Package: rerunfilecheck 2022-07-10 v1.10 Rerun checks for auxiliary files (HO)
 (/usr/local/texlive/2025/texmf-dist/tex/generic/uniquecounter/uniquecounter.sty
Package: uniquecounter 2019/12/15 v1.4 Provide unlimited unique counter (HO)
)
Package uniquecounter Info: New unique counter `rerunfilecheck' on input line 285.
)
\Hy@SectionHShift=\skip54
) (/usr/local/texlive/2025/texmf-dist/tex/latex/booktabs/booktabs.sty
Package: booktabs 2020/01/12 v1.61803398 Publication quality tables
\heavyrulewidth=\dimen167
\lightrulewidth=\dimen168
\cmidrulewidth=\dimen169
\belowrulesep=\dimen170
\belowbottomsep=\dimen171
\aboverulesep=\dimen172
\abovetopsep=\dimen173
\cmidrulesep=\dimen174
\cmidrulekern=\dimen175
\defaultaddspace=\dimen176
\@cmidla=\count305
\@cmidlb=\count306
\@aboverulesep=\dimen177
\@belowrulesep=\dimen178
\@thisruleclass=\count307
\@lastruleclass=\count308
\@thisrulewidth=\dimen179
) (/usr/local/texlive/2025/texmf-dist/tex/latex/tools/longtable.sty
Package: longtable 2024-10-27 v4.22 Multi-page Table package (DPC)
\LTleft=\skip55
\LTright=\skip56
\LTpre=\skip57
\LTpost=\skip58
\LTchunksize=\count309
\LTcapwidth=\dimen180
\LT@head=\box56
\LT@firsthead=\box57
\LT@foot=\box58
\LT@lastfoot=\box59
\LT@gbox=\box60
\LT@cols=\count310
\LT@rows=\count311
\c@LT@tables=\count312
\c@LT@chunks=\count313
\LT@p@ftn=\toks27
) (/usr/local/texlive/2025/texmf-dist/tex/latex/enumitem/enumitem.sty
Package: enumitem 2025/02/06 v3.11 Customized lists
\labelindent=\skip59
\enit@outerparindent=\dimen181
\enit@toks=\toks28
\enit@inbox=\box61
\enit@count@id=\count314
\enitdp@description=\count315
)
Package hyperref Info: Option `colorlinks' set `true' on input line 24.
 (/usr/local/texlive/2025/texmf-dist/tex/latex/l3backend/l3backend-pdftex.def
File: l3backend-pdftex.def 2024-05-08 L3 backend support: PDF output (pdfTeX)
\l__color_backend_stack_int=\count316
\l__pdf_internal_box=\box62
) (./yaml_configuration_guide.aux)
\openout1 = `yaml_configuration_guide.aux'.

LaTeX Font Info:    Checking defaults for OML/cmm/m/it on input line 39.
LaTeX Font Info:    ... okay on input line 39.
LaTeX Font Info:    Checking defaults for OMS/cmsy/m/n on input line 39.
LaTeX Font Info:    ... okay on input line 39.
LaTeX Font Info:    Checking defaults for OT1/cmr/m/n on input line 39.
LaTeX Font Info:    ... okay on input line 39.
LaTeX Font Info:    Checking defaults for T1/cmr/m/n on input line 39.
LaTeX Font Info:    ... okay on input line 39.
LaTeX Font Info:    Checking defaults for TS1/cmr/m/n on input line 39.
LaTeX Font Info:    ... okay on input line 39.
LaTeX Font Info:    Checking defaults for OMX/cmex/m/n on input line 39.
LaTeX Font Info:    ... okay on input line 39.
LaTeX Font Info:    Checking defaults for U/cmr/m/n on input line 39.
LaTeX Font Info:    ... okay on input line 39.
LaTeX Font Info:    Checking defaults for PD1/pdf/m/n on input line 39.
LaTeX Font Info:    ... okay on input line 39.
LaTeX Font Info:    Checking defaults for PU/pdf/m/n on input line 39.
LaTeX Font Info:    ... okay on input line 39.

*geometry* driver: auto-detecting
*geometry* detected driver: pdftex
*geometry* verbose mode - [ preamble ] result:
* driver: pdftex
* paper: <default>
* layout: <same size as paper>
* layoutoffset:(h,v)=(0.0pt,0.0pt)
* modes: 
* h-part:(L,W,R)=(72.26999pt, 469.75502pt, 72.26999pt)
* v-part:(T,H,B)=(72.26999pt, 650.43001pt, 72.26999pt)
* \paperwidth=614.295pt
* \paperheight=794.96999pt
* \textwidth=469.75502pt
* \textheight=650.43001pt
* \oddsidemargin=0.0pt
* \evensidemargin=0.0pt
* \topmargin=-37.0pt
* \headheight=12.0pt
* \headsep=25.0pt
* \topskip=11.0pt
* \footskip=30.0pt
* \marginparwidth=59.0pt
* \marginparsep=10.0pt
* \columnsep=10.0pt
* \skip\footins=10.0pt plus 4.0pt minus 2.0pt
* \hoffset=0.0pt
* \voffset=0.0pt
* \mag=1000
* \@twocolumnfalse
* \@twosidefalse
* \@mparswitchfalse
* \@reversemarginfalse
* (1in=72.27pt=25.4mm, 1cm=28.453pt)

\c@lstlisting=\count317
(/usr/local/texlive/2025/texmf-dist/tex/context/base/mkii/supp-pdf.mkii
[Loading MPS to PDF converter (version 2006.09.02).]
\scratchcounter=\count318
\scratchdimen=\dimen182
\scratchbox=\box63
\nofMPsegments=\count319
\nofMParguments=\count320
\everyMPshowfont=\toks29
\MPscratchCnt=\count321
\MPscratchDim=\dimen183
\MPnumerator=\count322
\makeMPintoPDFobject=\count323
\everyMPtoPDFconversion=\toks30
)
Package hyperref Info: Link coloring ON on input line 39.
\@outlinefile=\write3
\openout3 = `yaml_configuration_guide.out'.


No file yaml_configuration_guide.toc.
\tf@toc=\write4
\openout4 = `yaml_configuration_guide.toc'.



[1

{/usr/local/texlive/2025/texmf-var/fonts/map/pdftex/updmap/pdftex.map}]
/Users/ai17/Documents/UT Austin/Research/Webber Energy Group/Comprehensive Transmission Cost Calculator/Python Version/yaml_configuration_guide.tex:82: Missing $ inserted.
<inserted text> 
                $
l.82 For AC projects, \texttt{converter_type}
                                              is always \texttt{"NA"}. For D...
I've inserted a begin-math/end-math symbol since I think
you left one out. Proceed, with fingers crossed.

/Users/ai17/Documents/UT Austin/Research/Webber Energy Group/Comprehensive Transmission Cost Calculator/Python Version/yaml_configuration_guide.tex:82: Extra }, or forgotten $.
<recently read> \egroup 
                        
l.82 For AC projects, \texttt{converter_type}
                                              is always \texttt{"NA"}. For D...
I've deleted a group-closing symbol because it seems to be
spurious, as in `$x}$'. But perhaps the } is legitimate and
you forgot something else, as in `\hbox{$x}'. In such cases
the way to recover is to insert both the forgotten and the
deleted material, e.g., by typing `I$}'.

/Users/ai17/Documents/UT Austin/Research/Webber Energy Group/Comprehensive Transmission Cost Calculator/Python Version/yaml_configuration_guide.tex:83: Missing $ inserted.
<inserted text> 
                $
l.83 
     
I've inserted a begin-math/end-math symbol since I think
you left one out. Proceed, with fingers crossed.


Overfull \hbox (82.70747pt too wide) in paragraph at lines 82--83
[]\OT1/cmr/m/n/10.95 For AC projects, \OT1/cmtt/m/n/10.95 converter$[]\OML/cmm/m/it/10.95 ypeisalways[]:ForDCprojects; itiseither[]or[]:$ 
 []

LaTeX Font Info:    Font shape `OT1/cmtt/bx/n' in size <10.95> not available
(Font)              Font shape `OT1/cmtt/m/n' tried instead on input line 87.

Overfull \hbox (1.63737pt too wide) in paragraph at lines 91--92
\OT1/cmtt/m/n/10.95 This file defines the core technical specifications that identify the transmission
 []


Overfull \hbox (13.13475pt too wide) in paragraph at lines 91--92
\OT1/cmtt/m/n/10.95 project. These parameters are used to construct the project category identifier and
 []



[2{/usr/local/texlive/2025/texmf-dist/fonts/enc/dvips/cm-super/cm-super-ts1.enc}]
Overfull \hbox (30.10771pt too wide) in paragraph at lines 118--119
[]\OT1/cmtt/m/n/10.95 Meaning: Determines build costs, ROW requirements, O&M costs, wildfire/outage
 []


Overfull \hbox (1.36427pt too wide) in paragraph at lines 119--120
[]\OT1/cmtt/m/n/10.95 Interactions: Affects parameters in files 06 (wildfire), 07 (outage), 09
 []


Overfull \hbox (13.78143pt too wide) in paragraph at lines 134--135
[]\OT1/cmtt/m/n/10.95 Interactions: If "DC", must specify converter[]type and number[]of[]converters 
 []


Overfull \hbox (30.10771pt too wide) in paragraph at lines 143--144
[]\OT1/cmtt/m/n/10.95 Valid Values: Positive numbers (typical: 140, 329, 394, 460, 500, 657, 1000,
 []


Overfull \hbox (18.61034pt too wide) in paragraph at lines 144--145
[]\OT1/cmtt/m/n/10.95 Meaning: Determines project category, affects build costs, line losses, and
 []


Overfull \hbox (35.8564pt too wide) in paragraph at lines 145--146
[]\OT1/cmtt/m/n/10.95 Interactions: Must match a valid capacity in category files (10, 13-15, 20-21) 
 []



[3]
Overfull \hbox (21.84076pt too wide) in paragraph at lines 157--158
[]\OT1/cmtt/m/n/10.95 "Advanced Aluminum Conductor" - Advanced composite core conductors (ACCC) 
 []


Overfull \hbox (7.11296pt too wide) in paragraph at lines 159--160
[]\OT1/cmtt/m/n/10.95 Meaning: Affects conductor costs, resistance (line losses), and O&M costs 
 []


Overfull \hbox (24.35902pt too wide) in paragraph at lines 160--161
[]\OT1/cmtt/m/n/10.95 Interactions: Used in project category construction; affects files 10 (build
 []


Overfull \hbox (64.59984pt too wide) in paragraph at lines 192--193
[]\OT1/cmtt/m/n/10.95 Meaning: Fraction of rated capacity used on average; affects line loss calculations 
 []


Overfull \hbox (47.35378pt too wide) in paragraph at lines 203--204
[]\OT1/cmtt/m/n/10.95 Meaning: Used for line loss cost/benefit calculations and congestion/curtailment
 []


Overfull \hbox (35.8564pt too wide) in paragraph at lines 204--205
[]\OT1/cmtt/m/n/10.95 Interactions: Affects files 16 (emissions), 17 (congestion), 18 (curtailment),
 []


Overfull \hbox (24.35902pt too wide) in paragraph at lines 214--215
[]\OT1/cmtt/m/n/10.95 Meaning: Used for present value calculations in public benefit-cost analysis 
 []


Overfull \hbox (41.60509pt too wide) in paragraph at lines 215--216
[]\OT1/cmtt/m/n/10.95 Reference: U.S. Office of Management and Budget, Circular A-4 (2003, reaffirmed
 []



[4]
Overfull \hbox (30.10771pt too wide) in paragraph at lines 216--217
[]\OT1/cmtt/m/n/10.95 Interactions: Used in files 06 (wildfire), 07 (outage), and all present value
 []


Overfull \hbox (4.5947pt too wide) in paragraph at lines 228--229
[]\OT1/cmtt/m/n/10.95 True: Upgrading existing line (lower build costs, line loss benefits) 
 []


Overfull \hbox (24.35902pt too wide) in paragraph at lines 242--243
[]\OT1/cmtt/m/n/10.95 Valid Values: "Standard Aluminum Conductor" or "Advanced Aluminum Conductor" 
 []


Overfull \hbox (70.34853pt too wide) in paragraph at lines 259--260
[]\OT1/cmtt/m/n/10.95 Meaning: Duration of construction period; affects cost timing and AFUDC calculations 
 []


Overfull \hbox (30.10771pt too wide) in paragraph at lines 265--266
[]\OT1/cmtt/m/n/10.95 Meaning: Permitting/regulatory delay period; affects delay costs, ROW holding
 []


Overfull \hbox (18.61034pt too wide) in paragraph at lines 271--272
[]\OT1/cmtt/m/n/10.95 Meaning: Duration of operational period; affects present value calculations
 []



[5] (/usr/local/texlive/2025/texmf-dist/tex/latex/listings/lstlang1.sty
File: lstlang1.sty 2024/09/23 1.10c listings language file
) (/usr/local/texlive/2025/texmf-dist/tex/latex/listings/lstlang2.sty
File: lstlang2.sty 2024/09/23 1.10c listings language file
) (/usr/local/texlive/2025/texmf-dist/tex/latex/listings/lstlang3.sty
File: lstlang3.sty 2024/09/23 1.10c listings language file
)

/Users/ai17/Documents/UT Austin/Research/Webber Energy Group/Comprehensive Transmission Cost Calculator/Python Version/yaml_configuration_guide.tex:277: Package Listings Error: Couldn't load requested language.

See the Listings package documentation for explanation.
Type  H <return>  for immediate help.
 ...                                              
                                                  
l.277 \begin{lstlisting}[language=yaml]
                                       
The following languages weren't loadable:
    ,yaml$
This may cause errors in the sequel.


/Users/ai17/Documents/UT Austin/Research/Webber Energy Group/Comprehensive Transmission Cost Calculator/Python Version/yaml_configuration_guide.tex:277: Package Listings Error: language yaml undefined.

See the Listings package documentation for explanation.
Type  H <return>  for immediate help.
 ...                                              
                                                  
l.277 \begin{lstlisting}[language=yaml]
                                       
The language is not loadable. Try typing  <return>  to proceed.
If that doesn't work, type  X <return>  to quit.


Overfull \hbox (13.13475pt too wide) in paragraph at lines 307--308
\OT1/cmtt/m/n/10.95 This file defines the physical route characteristics, including terrain distribution
 []


Overfull \hbox (13.13475pt too wide) in paragraph at lines 307--308
\OT1/cmtt/m/n/10.95 and terrain-specific cost multipliers. The terrain distribution determines how many
 []


Overfull \hbox (30.38081pt too wide) in paragraph at lines 307--308
\OT1/cmtt/m/n/10.95 miles of the line pass through each terrain type, which affects build costs, O&M costs,
 []



[6]
Overfull \hbox (81.8459pt too wide) in paragraph at lines 330--331
[]\OT1/cmtt/m/n/10.95 Interactions: Affects files 06 (wildfire ignition rates), 07 (outage rates/durations),
 []


Overfull \hbox (24.35902pt too wide) in paragraph at lines 330--331
\OT1/cmtt/m/n/10.95 09 (environmental mitigation), 12 (vegetation management), 14 (structure O&M) 
 []


Overfull \hbox (40.26855pt too wide) in paragraph at lines 358--360
\OT1/cmtt/m/n/10.95 The total line length is automatically calculated as the sum of all terrain[]miles values.
 []

(/usr/local/texlive/2025/texmf-dist/tex/latex/listings/lstlang1.sty
File: lstlang1.sty 2024/09/23 1.10c listings language file
) (/usr/local/texlive/2025/texmf-dist/tex/latex/listings/lstlang2.sty
File: lstlang2.sty 2024/09/23 1.10c listings language file
) (/usr/local/texlive/2025/texmf-dist/tex/latex/listings/lstlang3.sty
File: lstlang3.sty 2024/09/23 1.10c listings language file
)

/Users/ai17/Documents/UT Austin/Research/Webber Energy Group/Comprehensive Transmission Cost Calculator/Python Version/yaml_configuration_guide.tex:368: Package Listings Error: Couldn't load requested language.

See the Listings package documentation for explanation.
Type  H <return>  for immediate help.
 ...                                              
                                                  
l.368 \begin{lstlisting}[language=yaml]
                                       
The following languages weren't loadable:
    ,yaml$
This may cause errors in the sequel.


/Users/ai17/Documents/UT Austin/Research/Webber Energy Group/Comprehensive Transmission Cost Calculator/Python Version/yaml_configuration_guide.tex:368: Package Listings Error: language yaml undefined.

See the Listings package documentation for explanation.
Type  H <return>  for immediate help.
 ...                                              
                                                  
l.368 \begin{lstlisting}[language=yaml]
                                       
The language is not loadable. Try typing  <return>  to proceed.
If that doesn't work, type  X <return>  to quit.



[7]
Overfull \hbox (47.62688pt too wide) in paragraph at lines 402--403
\OT1/cmtt/m/n/10.95 This file defines financial parameters including inflation, discount rates, contingencies,
 []


Overfull \hbox (47.62688pt too wide) in paragraph at lines 402--403
\OT1/cmtt/m/n/10.95 capital structure, and AFUDC (Allowance for Funds Used During Construction) configuration.
 []


Overfull \hbox (7.38606pt too wide) in paragraph at lines 402--403
\OT1/cmtt/m/n/10.95 These parameters affect present value calculations, cost escalation, and regulatory
 []


Overfull \hbox (30.10771pt too wide) in paragraph at lines 428--429
[]\OT1/cmtt/m/n/10.95 Meaning: Private sector discount rate; used for AFUDC calculations if capital
 []



[8]
Overfull \hbox (1.36427pt too wide) in paragraph at lines 435--436
[]\OT1/cmtt/m/n/10.95 Meaning: For public benefit-cost analysis; can differ from value in file
 []


Overfull \hbox (1.36427pt too wide) in paragraph at lines 436--437
[]\OT1/cmtt/m/n/10.95 Reference: OMB Circular A-4 recommends 3% for intergenerational projects 
 []


Overfull \hbox (1.36427pt too wide) in paragraph at lines 461--462
[]\OT1/cmtt/m/n/10.95 Meaning: If specified, used to calculate AFUDC rate; otherwise WACC used
 []


Overfull \hbox (3.02321pt too wide) in paragraph at lines 462--463
[]\OT1/cmtt/m/n/10.95 Note: WACC = equity[]percent \TS1/cmtt/m/n/10.95 Ö \OT1/cmtt/m/n/10.95 cost[]of[]equity + debt[]percent \TS1/cmtt/m/n/10.95 Ö \OT1/cmtt/m/n/10.95 cost[]of[]debt 
 []


Overfull \hbox (0.21495pt too wide) in paragraph at lines 482--483
[]\OT1/cmtt/m/n/10.95 true: AFUDC accrues if active work continues (permitting, design,
 []


Overfull \hbox (11.71233pt too wide) in paragraph at lines 483--484
[]\OT1/cmtt/m/n/10.95 false: AFUDC suspended during delay (conservative default per FERC) 
 []

(/usr/local/texlive/2025/texmf-dist/tex/latex/listings/lstlang1.sty
File: lstlang1.sty 2024/09/23 1.10c listings language file
) (/usr/local/texlive/2025/texmf-dist/tex/latex/listings/lstlang2.sty
File: lstlang2.sty 2024/09/23 1.10c listings language file
) (/usr/local/texlive/2025/texmf-dist/tex/latex/listings/lstlang3.sty
File: lstlang3.sty 2024/09/23 1.10c listings language file
)

/Users/ai17/Documents/UT Austin/Research/Webber Energy Group/Comprehensive Transmission Cost Calculator/Python Version/yaml_configuration_guide.tex:491: Package Listings Error: Couldn't load requested language.

See the Listings package documentation for explanation.
Type  H <return>  for immediate help.
 ...                                              
                                                  
l.491 \begin{lstlisting}[language=yaml]
                                       
The following languages weren't loadable:
    ,yaml$
This may cause errors in the sequel.


/Users/ai17/Documents/UT Austin/Research/Webber Energy Group/Comprehensive Transmission Cost Calculator/Python Version/yaml_configuration_guide.tex:491: Package Listings Error: language yaml undefined.

See the Listings package documentation for explanation.
Type  H <return>  for immediate help.
 ...                                              
                                                  
l.491 \begin{lstlisting}[language=yaml]
                                       
The language is not loadable. Try typing  <return>  to proceed.
If that doesn't work, type  X <return>  to quit.



[9]
Overfull \hbox (41.87819pt too wide) in paragraph at lines 521--522
\OT1/cmtt/m/n/10.95 This file configures operational insurance costs for transmission line assets. Insurance
 []


Overfull \hbox (41.87819pt too wide) in paragraph at lines 521--522
\OT1/cmtt/m/n/10.95 premiums are calculated as a percentage of insurable asset value (conductors, structures,
 []


Overfull \hbox (29.93222pt too wide) in paragraph at lines 551--553
[]\OT1/cmtt/m/n/10.95 premium[]by[]construction[]type (dictionary, optional): Premium rates by construction
 []



[10]
Overfull \hbox (30.10771pt too wide) in paragraph at lines 554--555
[]\OT1/cmtt/m/n/10.95 underground (float): Premium for underground lines (typical: 0.0015 = 0.15%) 
 []


Overfull \hbox (17.0007pt too wide) in paragraph at lines 556--557
[]\OT1/cmtt/m/n/10.95 Meaning: If specified, overrides default premium[]rate for that construction
 []

(/usr/local/texlive/2025/texmf-dist/tex/latex/listings/lstlang1.sty
File: lstlang1.sty 2024/09/23 1.10c listings language file
) (/usr/local/texlive/2025/texmf-dist/tex/latex/listings/lstlang2.sty
File: lstlang2.sty 2024/09/23 1.10c listings language file
) (/usr/local/texlive/2025/texmf-dist/tex/latex/listings/lstlang3.sty
File: lstlang3.sty 2024/09/23 1.10c listings language file
)

/Users/ai17/Documents/UT Austin/Research/Webber Energy Group/Comprehensive Transmission Cost Calculator/Python Version/yaml_configuration_guide.tex:562: Package Listings Error: Couldn't load requested language.

See the Listings package documentation for explanation.
Type  H <return>  for immediate help.
 ...                                              
                                                  
l.562 \begin{lstlisting}[language=yaml]
                                       
The following languages weren't loadable:
    ,yaml$
This may cause errors in the sequel.


/Users/ai17/Documents/UT Austin/Research/Webber Energy Group/Comprehensive Transmission Cost Calculator/Python Version/yaml_configuration_guide.tex:562: Package Listings Error: language yaml undefined.

See the Listings package documentation for explanation.
Type  H <return>  for immediate help.
 ...                                              
                                                  
l.562 \begin{lstlisting}[language=yaml]
                                       
The language is not loadable. Try typing  <return>  to proceed.
If that doesn't work, type  X <return>  to quit.


Overfull \hbox (24.63213pt too wide) in paragraph at lines 584--585
\OT1/cmtt/m/n/10.95 This file defines annual costs incurred during project delays (permitting, regulatory,
 []



[11]
Overfull \hbox (13.13475pt too wide) in paragraph at lines 603--604
\OT1/cmtt/m/n/10.95 The total annual delay cost is the sum of all components. Total delay cost = annual
 []

(/usr/local/texlive/2025/texmf-dist/tex/latex/listings/lstlang1.sty
File: lstlang1.sty 2024/09/23 1.10c listings language file
) (/usr/local/texlive/2025/texmf-dist/tex/latex/listings/lstlang2.sty
File: lstlang2.sty 2024/09/23 1.10c listings language file
) (/usr/local/texlive/2025/texmf-dist/tex/latex/listings/lstlang3.sty
File: lstlang3.sty 2024/09/23 1.10c listings language file
)

/Users/ai17/Documents/UT Austin/Research/Webber Energy Group/Comprehensive Transmission Cost Calculator/Python Version/yaml_configuration_guide.tex:607: Package Listings Error: Couldn't load requested language.

See the Listings package documentation for explanation.
Type  H <return>  for immediate help.
 ...                                              
                                                  
l.607 \begin{lstlisting}[language=yaml]
                                       
The following languages weren't loadable:
    ,yaml$
This may cause errors in the sequel.


/Users/ai17/Documents/UT Austin/Research/Webber Energy Group/Comprehensive Transmission Cost Calculator/Python Version/yaml_configuration_guide.tex:607: Package Listings Error: language yaml undefined.

See the Listings package documentation for explanation.
Type  H <return>  for immediate help.
 ...                                              
                                                  
l.607 \begin{lstlisting}[language=yaml]
                                       
The language is not loadable. Try typing  <return>  to proceed.
If that doesn't work, type  X <return>  to quit.


Overfull \hbox (30.38081pt too wide) in paragraph at lines 628--629
\OT1/cmtt/m/n/10.95 This file configures wildfire risk parameters, including event severity, ignition rates
 []


Overfull \hbox (1.63737pt too wide) in paragraph at lines 628--629
\OT1/cmtt/m/n/10.95 by terrain and construction type, and discount rate selection. Wildfire costs are
 []


Overfull \hbox (7.11296pt too wide) in paragraph at lines 649--650
[]\OT1/cmtt/m/n/10.95 Meaning: Accounts for increasing wildfire risk over time (climate change,
 []



[12]
Overfull \hbox (18.43484pt too wide) in paragraph at lines 676--678
[]\OT1/cmtt/m/n/10.95 ignition[]rates[]by[]terrain (dictionary): Base ignition rates (events per mile per
 []

(/usr/local/texlive/2025/texmf-dist/tex/latex/listings/lstlang1.sty
File: lstlang1.sty 2024/09/23 1.10c listings language file
) (/usr/local/texlive/2025/texmf-dist/tex/latex/listings/lstlang2.sty
File: lstlang2.sty 2024/09/23 1.10c listings language file
) (/usr/local/texlive/2025/texmf-dist/tex/latex/listings/lstlang3.sty
File: lstlang3.sty 2024/09/23 1.10c listings language file
)

/Users/ai17/Documents/UT Austin/Research/Webber Energy Group/Comprehensive Transmission Cost Calculator/Python Version/yaml_configuration_guide.tex:709: Package Listings Error: Couldn't load requested language.

See the Listings package documentation for explanation.
Type  H <return>  for immediate help.
 ...                                              
                                                  
l.709 \begin{lstlisting}[language=yaml]
                                       
The following languages weren't loadable:
    ,yaml$
This may cause errors in the sequel.


/Users/ai17/Documents/UT Austin/Research/Webber Energy Group/Comprehensive Transmission Cost Calculator/Python Version/yaml_configuration_guide.tex:709: Package Listings Error: language yaml undefined.

See the Listings package documentation for explanation.
Type  H <return>  for immediate help.
 ...                                              
                                                  
l.709 \begin{lstlisting}[language=yaml]
                                       
The language is not loadable. Try typing  <return>  to proceed.
If that doesn't work, type  X <return>  to quit.



[13]
Overfull \hbox (7.38606pt too wide) in paragraph at lines 740--741
\OT1/cmtt/m/n/10.95 This file configures outage risk parameters, including outage rates by construction
 []


Overfull \hbox (7.38606pt too wide) in paragraph at lines 740--741
\OT1/cmtt/m/n/10.95 type and terrain, outage durations, value of lost load (VoLL), and capacity at risk
 []


Overfull \hbox (24.54181pt too wide) in paragraph at lines 740--741
\OT1/cmtt/m/n/10.95 factors. Outage costs are calculated as expected annual cost = outage rate \TS1/cmtt/m/n/10.95 Ö \OT1/cmtt/m/n/10.95 duration
 []



[14]
Overfull \hbox (8.73375pt too wide) in paragraph at lines 784--785
[]\OT1/cmtt/m/n/10.95 max[]hours (float): Maximum hours for this tier (use .inf for infinity) 
 []


Overfull \hbox (4.40805pt too wide) in paragraph at lines 831--833
[]\OT1/cmtt/m/n/10.95 outage[]rates (dictionary): Outages per mile per year by construction type and
 []


Overfull \hbox (7.11296pt too wide) in paragraph at lines 834--835
[]\OT1/cmtt/m/n/10.95 Valid Values: Positive numbers (typical: 0.001 to 0.1 outages/mile/year) 
 []

(/usr/local/texlive/2025/texmf-dist/tex/latex/listings/lstlang1.sty
File: lstlang1.sty 2024/09/23 1.10c listings language file
) (/usr/local/texlive/2025/texmf-dist/tex/latex/listings/lstlang2.sty
File: lstlang2.sty 2024/09/23 1.10c listings language file
) (/usr/local/texlive/2025/texmf-dist/tex/latex/listings/lstlang3.sty
File: lstlang3.sty 2024/09/23 1.10c listings language file
)

/Users/ai17/Documents/UT Austin/Research/Webber Energy Group/Comprehensive Transmission Cost Calculator/Python Version/yaml_configuration_guide.tex:842: Package Listings Error: Couldn't load requested language.

See the Listings package documentation for explanation.
Type  H <return>  for immediate help.
 ...                                              
                                                  
l.842 \begin{lstlisting}[language=yaml]
                                       
The following languages weren't loadable:
    ,yaml$
This may cause errors in the sequel.


/Users/ai17/Documents/UT Austin/Research/Webber Energy Group/Comprehensive Transmission Cost Calculator/Python Version/yaml_configuration_guide.tex:842: Package Listings Error: language yaml undefined.

See the Listings package documentation for explanation.
Type  H <return>  for immediate help.
 ...                                              
                                                  
l.842 \begin{lstlisting}[language=yaml]
                                       
The language is not loadable. Try typing  <return>  to proceed.
If that doesn't work, type  X <return>  to quit.



[15]
Overfull \hbox (18.88344pt too wide) in paragraph at lines 892--893
\OT1/cmtt/m/n/10.95 This file configures environmental mitigation costs, including base restoration costs
 []


Overfull \hbox (30.38081pt too wide) in paragraph at lines 892--893
\OT1/cmtt/m/n/10.95 per acre by construction type and terrain, credit purchase costs (off-site mitigation),
 []



[16]
Overfull \hbox (12.86165pt too wide) in paragraph at lines 902--903
[]\OT1/cmtt/m/n/10.95 Meaning: Accounts for construction width beyond ROW width (TCE - Temporary
 []


Overfull \hbox (28.32259pt too wide) in paragraph at lines 910--912
[]\OT1/cmtt/m/n/10.95 base[]mitigation[]cost[]per[]acre (dictionary): Restoration costs by construction type
 []



[17] (/usr/local/texlive/2025/texmf-dist/tex/latex/listings/lstlang1.sty
File: lstlang1.sty 2024/09/23 1.10c listings language file
) (/usr/local/texlive/2025/texmf-dist/tex/latex/listings/lstlang2.sty
File: lstlang2.sty 2024/09/23 1.10c listings language file
) (/usr/local/texlive/2025/texmf-dist/tex/latex/listings/lstlang3.sty
File: lstlang3.sty 2024/09/23 1.10c listings language file
)

/Users/ai17/Documents/UT Austin/Research/Webber Energy Group/Comprehensive Transmission Cost Calculator/Python Version/yaml_configuration_guide.tex:970: Package Listings Error: Couldn't load requested language.

See the Listings package documentation for explanation.
Type  H <return>  for immediate help.
 ...                                              
                                                  
l.970 \begin{lstlisting}[language=yaml]
                                       
The following languages weren't loadable:
    ,yaml$
This may cause errors in the sequel.


/Users/ai17/Documents/UT Austin/Research/Webber Energy Group/Comprehensive Transmission Cost Calculator/Python Version/yaml_configuration_guide.tex:970: Package Listings Error: language yaml undefined.

See the Listings package documentation for explanation.
Type  H <return>  for immediate help.
 ...                                              
                                                  
l.970 \begin{lstlisting}[language=yaml]
                                       
The language is not loadable. Try typing  <return>  to proceed.
If that doesn't work, type  X <return>  to quit.


Overfull \hbox (53.37556pt too wide) in paragraph at lines 1014--1015
\OT1/cmtt/m/n/10.95 This file configures right-of-way (ROW) acquisition and management costs using a zone-based
 []


Overfull \hbox (13.13475pt too wide) in paragraph at lines 1014--1015
\OT1/cmtt/m/n/10.95 approach. Each zone represents a segment of the line with different land values and
 []



[18]
Overfull \hbox (12.68102pt too wide) in paragraph at lines 1040--1041
[]\OT1/cmtt/m/n/10.95 Typical Values: \TS1/cmtt/m/n/10.95 $\OT1/cmtt/m/n/10.95 9 to \TS1/cmtt/m/n/10.95 $\OT1/cmtt/m/n/10.95 31,116 per acre/year (varies significantly by zone) 
 []

(/usr/local/texlive/2025/texmf-dist/tex/latex/listings/lstlang1.sty
File: lstlang1.sty 2024/09/23 1.10c listings language file
) (/usr/local/texlive/2025/texmf-dist/tex/latex/listings/lstlang2.sty
File: lstlang2.sty 2024/09/23 1.10c listings language file
) (/usr/local/texlive/2025/texmf-dist/tex/latex/listings/lstlang3.sty
File: lstlang3.sty 2024/09/23 1.10c listings language file
)

/Users/ai17/Documents/UT Austin/Research/Webber Energy Group/Comprehensive Transmission Cost Calculator/Python Version/yaml_configuration_guide.tex:1064: Package Listings Error: Couldn't load requested language.

See the Listings package documentation for explanation.
Type  H <return>  for immediate help.
 ...                                              
                                                  
l.1064 \begin{lstlisting}[language=yaml]
                                        
The following languages weren't loadable:
    ,yaml$
This may cause errors in the sequel.


/Users/ai17/Documents/UT Austin/Research/Webber Energy Group/Comprehensive Transmission Cost Calculator/Python Version/yaml_configuration_guide.tex:1064: Package Listings Error: language yaml undefined.

See the Listings package documentation for explanation.
Type  H <return>  for immediate help.
 ...                                              
                                                  
l.1064 \begin{lstlisting}[language=yaml]
                                        
The language is not loadable. Try typing  <return>  to proceed.
If that doesn't work, type  X <return>  to quit.



[19]
Overfull \hbox (24.63213pt too wide) in paragraph at lines 1091--1092
\OT1/cmtt/m/n/10.95 This file configures operations and maintenance costs for vegetation management, which
 []


Overfull \hbox (1.63737pt too wide) in paragraph at lines 1091--1092
\OT1/cmtt/m/n/10.95 applies only to overhead lines. Underground and subsea lines have zero vegetation
 []


Overfull \hbox (35.68091pt too wide) in paragraph at lines 1096--1098
[]\OT1/cmtt/m/n/10.95 vegetation[]management[]om[]costs (dictionary): Costs by construction type and terrain 
 []

(/usr/local/texlive/2025/texmf-dist/tex/latex/listings/lstlang1.sty
File: lstlang1.sty 2024/09/23 1.10c listings language file
) (/usr/local/texlive/2025/texmf-dist/tex/latex/listings/lstlang2.sty
File: lstlang2.sty 2024/09/23 1.10c listings language file
) (/usr/local/texlive/2025/texmf-dist/tex/latex/listings/lstlang3.sty
File: lstlang3.sty 2024/09/23 1.10c listings language file
)

/Users/ai17/Documents/UT Austin/Research/Webber Energy Group/Comprehensive Transmission Cost Calculator/Python Version/yaml_configuration_guide.tex:1124: Package Listings Error: Couldn't load requested language.

See the Listings package documentation for explanation.
Type  H <return>  for immediate help.
 ...                                              
                                                  
l.1124 \begin{lstlisting}[language=yaml]
                                        
The following languages weren't loadable:
    ,yaml$
This may cause errors in the sequel.


/Users/ai17/Documents/UT Austin/Research/Webber Energy Group/Comprehensive Transmission Cost Calculator/Python Version/yaml_configuration_guide.tex:1124: Package Listings Error: language yaml undefined.

See the Listings package documentation for explanation.
Type  H <return>  for immediate help.
 ...                                              
                                                  
l.1124 \begin{lstlisting}[language=yaml]
                                        
The language is not loadable. Try typing  <return>  to proceed.
If that doesn't work, type  X <return>  to quit.



[20]
Overfull \hbox (1.39131pt too wide) in paragraph at lines 1150--1152
[]\OT1/cmtt/m/n/10.95 This file defines O&M costs for conductors organized by project category. Each
 []


Overfull \hbox (1.39131pt too wide) in paragraph at lines 1160--1162
[]\OT1/cmtt/m/n/10.95 This file defines O&M costs for transmission structures. Unlike other category
 []


Overfull \hbox (64.87294pt too wide) in paragraph at lines 1160--1162
\OT1/cmtt/m/n/10.95 files, structure O&M is organized by installation method only (not by individual categories): 
 []


Overfull \hbox (8.03275pt too wide) in paragraph at lines 1164--1165
[]\OT1/cmtt/m/n/10.95 structures[]per[]mile[][terrain] (float): Structures per mile by terrain type 
 []


Overfull \hbox (6.42311pt too wide) in paragraph at lines 1165--1166
[]\OT1/cmtt/m/n/10.95 cost[]per[]structure[]per[]year (float): Annual maintenance cost per structure
 []


Overfull \hbox (24.38606pt too wide) in paragraph at lines 1173--1175
[]\OT1/cmtt/m/n/10.95 This file defines O&M costs for converters (DC projects only), organized by project
 []


Overfull \hbox (9.37657pt too wide) in paragraph at lines 1175--1176
[]\OT1/cmtt/m/n/10.95 converter[]om[]cost[]per[]mile[]year (float): Annual O&M cost per mile (\TS1/cmtt/m/n/10.95 $\OT1/cmtt/m/n/10.95 /mile/year) 
 []



[21]
Overfull \hbox (18.88344pt too wide) in paragraph at lines 1186--1187
\OT1/cmtt/m/n/10.95 This file configures environmental benefits from emissions reductions associated with
 []


Overfull \hbox (1.63737pt too wide) in paragraph at lines 1186--1187
\OT1/cmtt/m/n/10.95 line losses. When transmission lines lose energy, that energy must be compensated
 []


Overfull \hbox (30.38081pt too wide) in paragraph at lines 1186--1187
\OT1/cmtt/m/n/10.95 by additional generation, which has associated emissions. This file defines the energy
 []


Overfull \hbox (50.39755pt too wide) in paragraph at lines 1193--1195
[]\OT1/cmtt/m/n/10.95 compensation[]percent (float): Fraction of losses compensated by additional generation 
 []


Overfull \hbox (12.86165pt too wide) in paragraph at lines 1196--1197
[]\OT1/cmtt/m/n/10.95 Meaning: Not all losses require compensation (some are absorbed by system) 
 []


Overfull \hbox (34.24677pt too wide) in paragraph at lines 1205--1207
[]\OT1/cmtt/m/n/10.95 Structure: For each energy source (coal, oil, natural[]gas, solar, wind, hydro,
 []


Overfull \hbox (30.11887pt too wide) in paragraph at lines 1208--1209
[]\OT1/cmtt/m/n/10.95 rate[]of[]change (float): Annual growth/decay rate (typical: -0.05 to 0.05) 
 []


Overfull \hbox (15.90543pt too wide) in paragraph at lines 1226--1228
[]\OT1/cmtt/m/n/10.95 emission[]intensities (dictionary): Pollutant emissions per MWh by energy source 
 []



[22] (/usr/local/texlive/2025/texmf-dist/tex/latex/listings/lstlang1.sty
File: lstlang1.sty 2024/09/23 1.10c listings language file
) (/usr/local/texlive/2025/texmf-dist/tex/latex/listings/lstlang2.sty
File: lstlang2.sty 2024/09/23 1.10c listings language file
) (/usr/local/texlive/2025/texmf-dist/tex/latex/listings/lstlang3.sty
File: lstlang3.sty 2024/09/23 1.10c listings language file
)

/Users/ai17/Documents/UT Austin/Research/Webber Energy Group/Comprehensive Transmission Cost Calculator/Python Version/yaml_configuration_guide.tex:1265: Package Listings Error: Couldn't load requested language.

See the Listings package documentation for explanation.
Type  H <return>  for immediate help.
 ...                                              
                                                  
l.1265 \begin{lstlisting}[language=yaml]
                                        
The following languages weren't loadable:
    ,yaml$
This may cause errors in the sequel.


/Users/ai17/Documents/UT Austin/Research/Webber Energy Group/Comprehensive Transmission Cost Calculator/Python Version/yaml_configuration_guide.tex:1265: Package Listings Error: language yaml undefined.

See the Listings package documentation for explanation.
Type  H <return>  for immediate help.
 ...                                              
                                                  
l.1265 \begin{lstlisting}[language=yaml]
                                        
The language is not loadable. Try typing  <return>  to proceed.
If that doesn't work, type  X <return>  to quit.



[23]
Overfull \hbox (7.38606pt too wide) in paragraph at lines 1305--1306
\OT1/cmtt/m/n/10.95 This file configures cost savings from reduced transmission congestion. Congestion
 []


Overfull \hbox (13.13475pt too wide) in paragraph at lines 1305--1306
\OT1/cmtt/m/n/10.95 occurs when transmission lines are at capacity and cannot deliver all desired power,
 []


Overfull \hbox (18.88344pt too wide) in paragraph at lines 1305--1306
\OT1/cmtt/m/n/10.95 leading to price differences between regions. This file defines both greenfield (new
 []


Overfull \hbox (57.70183pt too wide) in paragraph at lines 1319--1320
[]\OT1/cmtt/m/n/10.95 Meaning: Fraction of line capacity that effectively relieves the constraint 
 []


Overfull \hbox (11.71233pt too wide) in paragraph at lines 1325--1326
[]\OT1/cmtt/m/n/10.95 Valid Values: Non-negative integers (typical: 500-2000 hours/year) 
 []


Overfull \hbox (8.73375pt too wide) in paragraph at lines 1329--1331
[]\OT1/cmtt/m/n/10.95 average[]exceedance (float): Average MW exceedance during binding hours 
 []


Overfull \hbox (34.70708pt too wide) in paragraph at lines 1332--1333
[]\OT1/cmtt/m/n/10.95 Meaning: Average amount by which demand exceeds capacity during binding
 []


Overfull \hbox (30.11887pt too wide) in paragraph at lines 1342--1344
[]\OT1/cmtt/m/n/10.95 near[]average[]exceedance (float): Average MW exceedance during near-binding
 []


Overfull \hbox (17.01186pt too wide) in paragraph at lines 1347--1349
[]\OT1/cmtt/m/n/10.95 near[]binding[]relief[]factor (float): Relief factor for near-binding hours
 []



[24]

/Users/ai17/Documents/UT Austin/Research/Webber Energy Group/Comprehensive Transmission Cost Calculator/Python Version/yaml_configuration_guide.tex:1358: LaTeX Error: Too deeply nested.

See the LaTeX manual or LaTeX Companion for explanation.
Type  H <return>  for immediate help.
 ...                                              
                                                  
l.1358                     \item
                                 0.0 = Radial line (full benefit)
You're in trouble here.  Try typing  <return>  to proceed.
If that doesn't work, type  X <return>  to quit.


Overfull \hbox (40.1821pt too wide) in paragraph at lines 1369--1370
[]\OT1/cmtt/m/n/10.95 Meaning: Price difference between constrained and unconstrained regions 
 []


Overfull \hbox (37.29054pt too wide) in paragraph at lines 1378--1380
[]\OT1/cmtt/m/n/10.95 reconductoring[]congestion[]reductions (dictionary): Similar structure to greenfield,
 []


Overfull \hbox (1.43004pt too wide) in paragraph at lines 1381--1383
[]\OT1/cmtt/m/n/10.95 hot[]hour[]weights (float): Fraction of hours at or near Maximum Operating
 []

(/usr/local/texlive/2025/texmf-dist/tex/latex/listings/lstlang1.sty
File: lstlang1.sty 2024/09/23 1.10c listings language file
) (/usr/local/texlive/2025/texmf-dist/tex/latex/listings/lstlang2.sty
File: lstlang2.sty 2024/09/23 1.10c listings language file
) (/usr/local/texlive/2025/texmf-dist/tex/latex/listings/lstlang3.sty
File: lstlang3.sty 2024/09/23 1.10c listings language file
)

/Users/ai17/Documents/UT Austin/Research/Webber Energy Group/Comprehensive Transmission Cost Calculator/Python Version/yaml_configuration_guide.tex:1391: Package Listings Error: Couldn't load requested language.

See the Listings package documentation for explanation.
Type  H <return>  for immediate help.
 ...                                              
                                                  
l.1391 \begin{lstlisting}[language=yaml]
                                        
The following languages weren't loadable:
    ,yaml$
This may cause errors in the sequel.


/Users/ai17/Documents/UT Austin/Research/Webber Energy Group/Comprehensive Transmission Cost Calculator/Python Version/yaml_configuration_guide.tex:1391: Package Listings Error: language yaml undefined.

See the Listings package documentation for explanation.
Type  H <return>  for immediate help.
 ...                                              
                                                  
l.1391 \begin{lstlisting}[language=yaml]
                                        
The language is not loadable. Try typing  <return>  to proceed.
If that doesn't work, type  X <return>  to quit.



[25]
Overfull \hbox (41.87819pt too wide) in paragraph at lines 1422--1423
\OT1/cmtt/m/n/10.95 This file configures cost savings from reduced renewable energy curtailment. Curtailment
 []


Overfull \hbox (13.13475pt too wide) in paragraph at lines 1422--1423
\OT1/cmtt/m/n/10.95 occurs when renewable generators must reduce output because transmission capacity is
 []


Overfull \hbox (21.89537pt too wide) in paragraph at lines 1430--1431
[]\OT1/cmtt/m/n/10.95 Meaning: Total hours per year when curtailment occurs on the exporting side
 []


Overfull \hbox (2.79842pt too wide) in paragraph at lines 1433--1435
[]\OT1/cmtt/m/n/10.95 average[]curtailment[]mw (float): Average curtailed MW during curtailment hours 
 []

(/usr/local/texlive/2025/texmf-dist/tex/latex/listings/lstlang1.sty
File: lstlang1.sty 2024/09/23 1.10c listings language file
) (/usr/local/texlive/2025/texmf-dist/tex/latex/listings/lstlang2.sty
File: lstlang2.sty 2024/09/23 1.10c listings language file
) (/usr/local/texlive/2025/texmf-dist/tex/latex/listings/lstlang3.sty
File: lstlang3.sty 2024/09/23 1.10c listings language file
)

/Users/ai17/Documents/UT Austin/Research/Webber Energy Group/Comprehensive Transmission Cost Calculator/Python Version/yaml_configuration_guide.tex:1455: Package Listings Error: Couldn't load requested language.

See the Listings package documentation for explanation.
Type  H <return>  for immediate help.
 ...                                              
                                                  
l.1455 \begin{lstlisting}[language=yaml]
                                        
The following languages weren't loadable:
    ,yaml$
This may cause errors in the sequel.


/Users/ai17/Documents/UT Austin/Research/Webber Energy Group/Comprehensive Transmission Cost Calculator/Python Version/yaml_configuration_guide.tex:1455: Package Listings Error: language yaml undefined.

See the Listings package documentation for explanation.
Type  H <return>  for immediate help.
 ...                                              
                                                  
l.1455 \begin{lstlisting}[language=yaml]
                                        
The language is not loadable. Try typing  <return>  to proceed.
If that doesn't work, type  X <return>  to quit.


Overfull \hbox (53.37556pt too wide) in paragraph at lines 1470--1471
\OT1/cmtt/m/n/10.95 This file defines when costs are incurred during the project lifecycle for AFUDC (Allowance
 []


Overfull \hbox (41.87819pt too wide) in paragraph at lines 1470--1471
\OT1/cmtt/m/n/10.95 for Funds Used During Construction) capitalization. Per FERC Uniform System of Accounts,
 []


Overfull \hbox (53.37556pt too wide) in paragraph at lines 1470--1471
\OT1/cmtt/m/n/10.95 AFUDC applies when (i) capital expenditure is incurred AND (ii) activities are in progress. 
 []



[26]
Overfull \hbox (38.90018pt too wide) in paragraph at lines 1482--1484
[]\OT1/cmtt/m/n/10.95 during[]construction (float): Percentage of cost incurred during construction period 
 []


Overfull \hbox (3.03967pt too wide) in paragraph at lines 1512--1513
[]\OT1/cmtt/m/n/10.95 during[]construction: 0.20 (final acquisitions during early construction) 
 []



[27] (/usr/local/texlive/2025/texmf-dist/tex/latex/listings/lstlang1.sty
File: lstlang1.sty 2024/09/23 1.10c listings language file
) (/usr/local/texlive/2025/texmf-dist/tex/latex/listings/lstlang2.sty
File: lstlang2.sty 2024/09/23 1.10c listings language file
) (/usr/local/texlive/2025/texmf-dist/tex/latex/listings/lstlang3.sty
File: lstlang3.sty 2024/09/23 1.10c listings language file
)

/Users/ai17/Documents/UT Austin/Research/Webber Energy Group/Comprehensive Transmission Cost Calculator/Python Version/yaml_configuration_guide.tex:1561: Package Listings Error: Couldn't load requested language.

See the Listings package documentation for explanation.
Type  H <return>  for immediate help.
 ...                                              
                                                  
l.1561 \begin{lstlisting}[language=yaml]
                                        
The following languages weren't loadable:
    ,yaml$
This may cause errors in the sequel.


/Users/ai17/Documents/UT Austin/Research/Webber Energy Group/Comprehensive Transmission Cost Calculator/Python Version/yaml_configuration_guide.tex:1561: Package Listings Error: language yaml undefined.

See the Listings package documentation for explanation.
Type  H <return>  for immediate help.
 ...                                              
                                                  
l.1561 \begin{lstlisting}[language=yaml]
                                        
The language is not loadable. Try typing  <return>  to proceed.
If that doesn't work, type  X <return>  to quit.



[28]
Overfull \hbox (24.38606pt too wide) in paragraph at lines 1587--1589
[]\OT1/cmtt/m/n/10.95 This file defines right-of-way width requirements for all project categories. Each
 []


Overfull \hbox (10.398pt too wide) in paragraph at lines 1591--1592
[]\OT1/cmtt/m/n/10.95 Typical Values: 80 to 200 feet (varies by capacity and construction type) 
 []


Overfull \hbox (7.14pt too wide) in paragraph at lines 1598--1600
[]\OT1/cmtt/m/n/10.95 This file defines electrical and physical circuit specifications for all project
 []


Overfull \hbox (27.4028pt too wide) in paragraph at lines 1600--1601
[]\OT1/cmtt/m/n/10.95 conductor[]specification (string): Specific conductor model (e.g., "ACSR 477 kcmil
 []


Overfull \hbox (35.68091pt too wide) in paragraph at lines 1607--1608
[]\OT1/cmtt/m/n/10.95 Meaning: Used for line loss calculations in energy[]losses.py and line[]loss[]costs.py 
 []


Overfull \hbox (1.63737pt too wide) in paragraph at lines 1614--1615
\OT1/cmtt/m/n/10.95 Project categories are automatically constructed from core technical details (file
 []



[29]

[30]

[31]
Overfull \hbox (30.38081pt too wide) in paragraph at lines 1720--1721
\OT1/cmtt/m/n/10.95 This guide has covered all 21 YAML configuration files used in the CTCC. Key takeaways: 
 []


Overfull \hbox (23.26375pt too wide) in paragraph at lines 1723--1724
[]\OT1/cmtt/m/n/10.95 File 01 defines core project identity and is used to construct project categories 
 []


Overfull \hbox (23.26375pt too wide) in paragraph at lines 1724--1725
[]\OT1/cmtt/m/n/10.95 File 02 defines physical route characteristics affecting multiple cost categories 
 []


Overfull \hbox (6.01768pt too wide) in paragraph at lines 1726--1727
[]\OT1/cmtt/m/n/10.95 Files 10-15, 20-21 contain category-specific data (build costs, O&M, technical
 []


Overfull \hbox (30.13475pt too wide) in paragraph at lines 1732--1733
[]\OT1/cmtt/m/n/10.95 All parameters work together to produce comprehensive cost and benefit calculations.
 []


Overfull \hbox (36.1295pt too wide) in paragraph at lines 1732--1733
\OT1/cmtt/m/n/10.95 Users should ensure consistency across files (e.g., construction type in file 01 matches
 []



[32] (./yaml_configuration_guide.aux)
 ***********
LaTeX2e <2024-11-01> patch level 2
L3 programming layer <2025-01-18>
 ***********


LaTeX Warning: Label(s) may have changed. Rerun to get cross-references right.


Package rerunfilecheck Warning: File `yaml_configuration_guide.out' has changed.
(rerunfilecheck)                Rerun to get outlines right
(rerunfilecheck)                or use package `bookmark'.

Package rerunfilecheck Info: Checksums for `yaml_configuration_guide.out':
(rerunfilecheck)             Before: <no file>
(rerunfilecheck)             After:  04599878D08EAAE29E603B41686118C2;19299.
 )
(\end occurred inside a group at level 1)

### simple group (level 1) entered at line 82 ({)
### bottom level 
Here is how much of TeX's memory you used:
 12492 strings out of 473190
 193014 string characters out of 5715801
 901716 words of memory out of 5000000
 35078 multiletter control sequences out of 15000+600000
 566731 words of font info for 65 fonts, out of 8000000 for 9000
 1141 hyphenation exceptions out of 8191
 75i,6n,79p,494b,2241s stack positions out of 10000i,1000n,20000p,200000b,200000s
</usr/local/texlive/2025/texmf-dist/fonts/type1/public/amsfonts/cm/cmbx10.pfb></usr/local/texlive/2025/texmf-dist/fonts/type1/public/amsfonts/cm/cmbx12.pfb></usr/local/texlive/2025/texmf-dist/fonts/type1/public/amsfonts/cm/cmitt10.pfb></usr/local/texlive/2025/texmf-dist/fonts/type1/public/amsfonts/cm/cmmi10.pfb></usr/local/texlive/2025/texmf-dist/fonts/type1/public/amsfonts/cm/cmmi8.pfb></usr/local/texlive/2025/texmf-dist/fonts/type1/public/amsfonts/cm/cmr10.pfb></usr/local/texlive/2025/texmf-dist/fonts/type1/public/amsfonts/cm/cmr12.pfb></usr/local/texlive/2025/texmf-dist/fonts/type1/public/amsfonts/cm/cmr17.pfb></usr/local/texlive/2025/texmf-dist/fonts/type1/public/amsfonts/cm/cmr6.pfb></usr/local/texlive/2025/texmf-dist/fonts/type1/public/amsfonts/cm/cmsy10.pfb></usr/local/texlive/2025/texmf-dist/fonts/type1/public/amsfonts/cm/cmti10.pfb></usr/local/texlive/2025/texmf-dist/fonts/type1/public/amsfonts/cm/cmtt10.pfb></usr/local/texlive/2025/texmf-dist/fonts/type1/public/cm-super/sfrm1095.pfb></usr/local/texlive/2025/texmf-dist/fonts/type1/public/cm-super/sftt1095.pfb>
Output written on yaml_configuration_guide.pdf (32 pages, 271050 bytes).
PDF statistics:
 749 PDF objects out of 1000 (max. 8388607)
 680 compressed objects within 7 object streams
 468 named destinations out of 1000 (max. 500000)
 1 words of extra memory for PDF output out of 10000 (max. 10000000)

