\BOOKMARK [1][-]{section.1}{\376\377\000I\000n\000t\000r\000o\000d\000u\000c\000t\000i\000o\000n}{}% 1
\BOOKMARK [2][-]{subsection.1.1}{\376\377\000P\000u\000r\000p\000o\000s\000e}{section.1}% 2
\BOOKMARK [2][-]{subsection.1.2}{\376\377\000H\000o\000w\000\040\000t\000o\000\040\000U\000s\000e\000\040\000T\000h\000i\000s\000\040\000G\000u\000i\000d\000e}{section.1}% 3
\BOOKMARK [2][-]{subsection.1.3}{\376\377\000P\000r\000o\000j\000e\000c\000t\000\040\000C\000a\000t\000e\000g\000o\000r\000i\000e\000s}{section.1}% 4
\BOOKMARK [1][-]{section.2}{\376\377\000C\000o\000r\000e\000\040\000P\000r\000o\000j\000e\000c\000t\000\040\000C\000o\000n\000f\000i\000g\000u\000r\000a\000t\000i\000o\000n}{}% 5
\BOOKMARK [2][-]{subsection.2.1}{\376\377\000P\000u\000r\000p\000o\000s\000e}{section.2}% 6
\BOOKMARK [2][-]{subsection.2.2}{\376\377\000P\000a\000r\000a\000m\000e\000t\000e\000r\000\040\000C\000h\000o\000i\000c\000e\000s}{section.2}% 7
\BOOKMARK [3][-]{subsubsection.2.2.1}{\376\377\000P\000r\000o\000j\000e\000c\000t\000\040\000I\000d\000e\000n\000t\000i\000f\000i\000c\000a\000t\000i\000o\000n}{subsection.2.2}% 8
\BOOKMARK [3][-]{subsubsection.2.2.2}{\376\377\000C\000o\000n\000s\000t\000r\000u\000c\000t\000i\000o\000n\000\040\000T\000y\000p\000e}{subsection.2.2}% 9
\BOOKMARK [3][-]{subsubsection.2.2.3}{\376\377\000C\000u\000r\000r\000e\000n\000t\000\040\000T\000y\000p\000e}{subsection.2.2}% 10
\BOOKMARK [3][-]{subsubsection.2.2.4}{\376\377\000C\000a\000p\000a\000c\000i\000t\000y}{subsection.2.2}% 11
\BOOKMARK [3][-]{subsubsection.2.2.5}{\376\377\000C\000o\000n\000d\000u\000c\000t\000o\000r\000\040\000T\000y\000p\000e}{subsection.2.2}% 12
\BOOKMARK [3][-]{subsubsection.2.2.6}{\376\377\000C\000o\000n\000v\000e\000r\000t\000e\000r\000\040\000C\000o\000n\000f\000i\000g\000u\000r\000a\000t\000i\000o\000n\000\040\000\050\000D\000C\000\040\000O\000n\000l\000y\000\051}{subsection.2.2}% 13
\BOOKMARK [3][-]{subsubsection.2.2.7}{\376\377\000L\000i\000n\000e\000\040\000U\000t\000i\000l\000i\000z\000a\000t\000i\000o\000n}{subsection.2.2}% 14
\BOOKMARK [3][-]{subsubsection.2.2.8}{\376\377\000E\000l\000e\000c\000t\000r\000i\000c\000i\000t\000y\000\040\000P\000r\000i\000c\000e}{subsection.2.2}% 15
\BOOKMARK [3][-]{subsubsection.2.2.9}{\376\377\000S\000o\000c\000i\000a\000l\000\040\000D\000i\000s\000c\000o\000u\000n\000t\000\040\000R\000a\000t\000e}{subsection.2.2}% 16
\BOOKMARK [3][-]{subsubsection.2.2.10}{\376\377\000R\000e\000c\000o\000n\000d\000u\000c\000t\000o\000r\000i\000n\000g\000\040\000C\000o\000n\000f\000i\000g\000u\000r\000a\000t\000i\000o\000n}{subsection.2.2}% 17
\BOOKMARK [3][-]{subsubsection.2.2.11}{\376\377\000T\000i\000m\000e\000l\000i\000n\000e\000\040\000P\000a\000r\000a\000m\000e\000t\000e\000r\000s}{subsection.2.2}% 18
\BOOKMARK [2][-]{subsection.2.3}{\376\377\000E\000x\000a\000m\000p\000l\000e\000\040\000C\000o\000n\000f\000i\000g\000u\000r\000a\000t\000i\000o\000n}{section.2}% 19
\BOOKMARK [1][-]{section.3}{\376\377\000P\000h\000y\000s\000i\000c\000a\000l\000\040\000P\000r\000o\000j\000e\000c\000t\000\040\000D\000e\000t\000a\000i\000l\000s}{}% 20
\BOOKMARK [2][-]{subsection.3.1}{\376\377\000P\000u\000r\000p\000o\000s\000e}{section.3}% 21
\BOOKMARK [2][-]{subsection.3.2}{\376\377\000P\000a\000r\000a\000m\000e\000t\000e\000r\000\040\000C\000h\000o\000i\000c\000e\000s}{section.3}% 22
\BOOKMARK [3][-]{subsubsection.3.2.1}{\376\377\000T\000e\000r\000r\000a\000i\000n\000\040\000D\000i\000s\000t\000r\000i\000b\000u\000t\000i\000o\000n}{subsection.3.2}% 23
\BOOKMARK [3][-]{subsubsection.3.2.2}{\376\377\000T\000e\000r\000r\000a\000i\000n\000\040\000M\000u\000l\000t\000i\000p\000l\000i\000e\000r\000s}{subsection.3.2}% 24
\BOOKMARK [2][-]{subsection.3.3}{\376\377\000T\000o\000t\000a\000l\000\040\000L\000i\000n\000e\000\040\000L\000e\000n\000g\000t\000h}{section.3}% 25
\BOOKMARK [2][-]{subsection.3.4}{\376\377\000E\000x\000a\000m\000p\000l\000e\000\040\000C\000o\000n\000f\000i\000g\000u\000r\000a\000t\000i\000o\000n}{section.3}% 26
\BOOKMARK [1][-]{section.4}{\376\377\000F\000i\000n\000a\000n\000c\000i\000n\000g\000\040\000P\000a\000r\000a\000m\000e\000t\000e\000r\000s}{}% 27
\BOOKMARK [2][-]{subsection.4.1}{\376\377\000P\000u\000r\000p\000o\000s\000e}{section.4}% 28
\BOOKMARK [2][-]{subsection.4.2}{\376\377\000P\000a\000r\000a\000m\000e\000t\000e\000r\000\040\000C\000h\000o\000i\000c\000e\000s}{section.4}% 29
\BOOKMARK [3][-]{subsubsection.4.2.1}{\376\377\000I\000n\000f\000l\000a\000t\000i\000o\000n\000\040\000a\000n\000d\000\040\000B\000a\000s\000e\000\040\000Y\000e\000a\000r}{subsection.4.2}% 30
\BOOKMARK [3][-]{subsubsection.4.2.2}{\376\377\000D\000i\000s\000c\000o\000u\000n\000t\000\040\000R\000a\000t\000e\000s}{subsection.4.2}% 31
\BOOKMARK [3][-]{subsubsection.4.2.3}{\376\377\000C\000o\000n\000t\000i\000n\000g\000e\000n\000c\000i\000e\000s}{subsection.4.2}% 32
\BOOKMARK [3][-]{subsubsection.4.2.4}{\376\377\000C\000a\000p\000i\000t\000a\000l\000\040\000S\000t\000r\000u\000c\000t\000u\000r\000e\000\040\000\050\000O\000p\000t\000i\000o\000n\000a\000l\000\051}{subsection.4.2}% 33
\BOOKMARK [3][-]{subsubsection.4.2.5}{\376\377\000A\000F\000U\000D\000C\000\040\000C\000o\000n\000f\000i\000g\000u\000r\000a\000t\000i\000o\000n}{subsection.4.2}% 34
\BOOKMARK [2][-]{subsection.4.3}{\376\377\000E\000x\000a\000m\000p\000l\000e\000\040\000C\000o\000n\000f\000i\000g\000u\000r\000a\000t\000i\000o\000n}{section.4}% 35
\BOOKMARK [1][-]{section.5}{\376\377\000I\000n\000s\000u\000r\000a\000n\000c\000e\000\040\000C\000o\000n\000f\000i\000g\000u\000r\000a\000t\000i\000o\000n}{}% 36
\BOOKMARK [2][-]{subsection.5.1}{\376\377\000P\000u\000r\000p\000o\000s\000e}{section.5}% 37
\BOOKMARK [2][-]{subsection.5.2}{\376\377\000P\000a\000r\000a\000m\000e\000t\000e\000r\000\040\000C\000h\000o\000i\000c\000e\000s}{section.5}% 38
\BOOKMARK [3][-]{subsubsection.5.2.1}{\376\377\000D\000e\000f\000a\000u\000l\000t\000\040\000P\000r\000e\000m\000i\000u\000m\000\040\000R\000a\000t\000e}{subsection.5.2}% 39
\BOOKMARK [3][-]{subsubsection.5.2.2}{\376\377\000I\000n\000s\000u\000r\000a\000b\000l\000e\000\040\000C\000o\000m\000p\000o\000n\000e\000n\000t\000s}{subsection.5.2}% 40
\BOOKMARK [3][-]{subsubsection.5.2.3}{\376\377\000C\000o\000n\000s\000t\000r\000u\000c\000t\000i\000o\000n\000\040\000T\000y\000p\000e\000-\000S\000p\000e\000c\000i\000f\000i\000c\000\040\000P\000r\000e\000m\000i\000u\000m\000s\000\040\000\050\000O\000p\000t\000i\000o\000n\000a\000l\000\051}{subsection.5.2}% 41
\BOOKMARK [2][-]{subsection.5.3}{\376\377\000E\000x\000a\000m\000p\000l\000e\000\040\000C\000o\000n\000f\000i\000g\000u\000r\000a\000t\000i\000o\000n}{section.5}% 42
\BOOKMARK [1][-]{section.6}{\376\377\000D\000e\000l\000a\000y\000\040\000C\000o\000s\000t\000s}{}% 43
\BOOKMARK [2][-]{subsection.6.1}{\376\377\000P\000u\000r\000p\000o\000s\000e}{section.6}% 44
\BOOKMARK [2][-]{subsection.6.2}{\376\377\000P\000a\000r\000a\000m\000e\000t\000e\000r\000\040\000C\000h\000o\000i\000c\000e\000s}{section.6}% 45
\BOOKMARK [2][-]{subsection.6.3}{\376\377\000T\000o\000t\000a\000l\000\040\000A\000n\000n\000u\000a\000l\000\040\000D\000e\000l\000a\000y\000\040\000C\000o\000s\000t}{section.6}% 46
\BOOKMARK [2][-]{subsection.6.4}{\376\377\000E\000x\000a\000m\000p\000l\000e\000\040\000C\000o\000n\000f\000i\000g\000u\000r\000a\000t\000i\000o\000n}{section.6}% 47
\BOOKMARK [1][-]{section.7}{\376\377\000W\000i\000l\000d\000f\000i\000r\000e\000\040\000R\000i\000s\000k\000\040\000P\000a\000r\000a\000m\000e\000t\000e\000r\000s}{}% 48
\BOOKMARK [2][-]{subsection.7.1}{\376\377\000P\000u\000r\000p\000o\000s\000e}{section.7}% 49
\BOOKMARK [2][-]{subsection.7.2}{\376\377\000P\000a\000r\000a\000m\000e\000t\000e\000r\000\040\000C\000h\000o\000i\000c\000e\000s}{section.7}% 50
\BOOKMARK [3][-]{subsubsection.7.2.1}{\376\377\000E\000v\000e\000n\000t\000\040\000S\000e\000v\000e\000r\000i\000t\000y}{subsection.7.2}% 51
\BOOKMARK [3][-]{subsubsection.7.2.2}{\376\377\000R\000i\000s\000k\000\040\000G\000r\000o\000w\000t\000h}{subsection.7.2}% 52
\BOOKMARK [3][-]{subsubsection.7.2.3}{\376\377\000D\000i\000s\000c\000o\000u\000n\000t\000\040\000R\000a\000t\000e\000\040\000C\000o\000n\000f\000i\000g\000u\000r\000a\000t\000i\000o\000n}{subsection.7.2}% 53
\BOOKMARK [3][-]{subsubsection.7.2.4}{\376\377\000B\000a\000s\000e\000\040\000I\000g\000n\000i\000t\000i\000o\000n\000\040\000R\000a\000t\000e\000s\000\040\000b\000y\000\040\000T\000e\000r\000r\000a\000i\000n}{subsection.7.2}% 54
\BOOKMARK [3][-]{subsubsection.7.2.5}{\376\377\000I\000g\000n\000i\000t\000i\000o\000n\000\040\000R\000a\000t\000e\000\040\000M\000u\000l\000t\000i\000p\000l\000i\000e\000r\000s\000\040\000b\000y\000\040\000C\000o\000n\000s\000t\000r\000u\000c\000t\000i\000o\000n\000\040\000T\000y\000p\000e}{subsection.7.2}% 55
\BOOKMARK [2][-]{subsection.7.3}{\376\377\000E\000x\000a\000m\000p\000l\000e\000\040\000C\000o\000n\000f\000i\000g\000u\000r\000a\000t\000i\000o\000n}{section.7}% 56
\BOOKMARK [1][-]{section.8}{\376\377\000O\000u\000t\000a\000g\000e\000\040\000R\000i\000s\000k\000\040\000P\000a\000r\000a\000m\000e\000t\000e\000r\000s}{}% 57
\BOOKMARK [2][-]{subsection.8.1}{\376\377\000P\000u\000r\000p\000o\000s\000e}{section.8}% 58
\BOOKMARK [2][-]{subsection.8.2}{\376\377\000P\000a\000r\000a\000m\000e\000t\000e\000r\000\040\000C\000h\000o\000i\000c\000e\000s}{section.8}% 59
\BOOKMARK [3][-]{subsubsection.8.2.1}{\376\377\000R\000i\000s\000k\000\040\000G\000r\000o\000w\000t\000h}{subsection.8.2}% 60
\BOOKMARK [3][-]{subsubsection.8.2.2}{\376\377\000D\000i\000s\000c\000o\000u\000n\000t\000\040\000R\000a\000t\000e}{subsection.8.2}% 61
\BOOKMARK [3][-]{subsubsection.8.2.3}{\376\377\000C\000a\000p\000a\000c\000i\000t\000y\000\040\000a\000t\000\040\000R\000i\000s\000k}{subsection.8.2}% 62
\BOOKMARK [3][-]{subsubsection.8.2.4}{\376\377\000V\000a\000l\000u\000e\000\040\000o\000f\000\040\000L\000o\000s\000t\000\040\000L\000o\000a\000d\000\040\000\050\000V\000o\000L\000L\000\051}{subsection.8.2}% 63
\BOOKMARK [3][-]{subsubsection.8.2.5}{\376\377\000O\000u\000t\000a\000g\000e\000\040\000D\000u\000r\000a\000t\000i\000o\000n\000\040\000b\000y\000\040\000T\000e\000r\000r\000a\000i\000n}{subsection.8.2}% 64
\BOOKMARK [3][-]{subsubsection.8.2.6}{\376\377\000D\000u\000r\000a\000t\000i\000o\000n\000\040\000M\000u\000l\000t\000i\000p\000l\000i\000e\000r\000s\000\040\000b\000y\000\040\000C\000o\000n\000s\000t\000r\000u\000c\000t\000i\000o\000n\000\040\000T\000y\000p\000e}{subsection.8.2}% 65
\BOOKMARK [3][-]{subsubsection.8.2.7}{\376\377\000O\000u\000t\000a\000g\000e\000\040\000R\000a\000t\000e\000s}{subsection.8.2}% 66
\BOOKMARK [2][-]{subsection.8.3}{\376\377\000E\000x\000a\000m\000p\000l\000e\000\040\000C\000o\000n\000f\000i\000g\000u\000r\000a\000t\000i\000o\000n}{section.8}% 67
\BOOKMARK [1][-]{section.9}{\376\377\000E\000n\000v\000i\000r\000o\000n\000m\000e\000n\000t\000a\000l\000\040\000M\000i\000t\000i\000g\000a\000t\000i\000o\000n}{}% 68
\BOOKMARK [2][-]{subsection.9.1}{\376\377\000P\000u\000r\000p\000o\000s\000e}{section.9}% 69
\BOOKMARK [2][-]{subsection.9.2}{\376\377\000P\000a\000r\000a\000m\000e\000t\000e\000r\000\040\000C\000h\000o\000i\000c\000e\000s}{section.9}% 70
\BOOKMARK [3][-]{subsubsection.9.2.1}{\376\377\000M\000i\000t\000i\000g\000a\000t\000i\000o\000n\000\040\000U\000p\000l\000i\000f\000t\000\040\000F\000a\000c\000t\000o\000r}{subsection.9.2}% 71
\BOOKMARK [3][-]{subsubsection.9.2.2}{\376\377\000B\000a\000s\000e\000\040\000M\000i\000t\000i\000g\000a\000t\000i\000o\000n\000\040\000C\000o\000s\000t\000s}{subsection.9.2}% 72
\BOOKMARK [3][-]{subsubsection.9.2.3}{\376\377\000C\000r\000e\000d\000i\000t\000\040\000P\000u\000r\000c\000h\000a\000s\000e\000\040\000C\000o\000s\000t\000s}{subsection.9.2}% 73
\BOOKMARK [3][-]{subsubsection.9.2.4}{\376\377\000M\000i\000t\000i\000g\000a\000t\000i\000o\000n\000\040\000R\000a\000t\000i\000o\000s}{subsection.9.2}% 74
\BOOKMARK [2][-]{subsection.9.3}{\376\377\000E\000x\000a\000m\000p\000l\000e\000\040\000C\000o\000n\000f\000i\000g\000u\000r\000a\000t\000i\000o\000n}{section.9}% 75
\BOOKMARK [1][-]{section.10}{\376\377\000R\000i\000g\000h\000t\000-\000o\000f\000-\000W\000a\000y\000\040\000C\000o\000n\000f\000i\000g\000u\000r\000a\000t\000i\000o\000n}{}% 76
\BOOKMARK [2][-]{subsection.10.1}{\376\377\000P\000u\000r\000p\000o\000s\000e}{section.10}% 77
\BOOKMARK [2][-]{subsection.10.2}{\376\377\000P\000a\000r\000a\000m\000e\000t\000e\000r\000\040\000C\000h\000o\000i\000c\000e\000s}{section.10}% 78
\BOOKMARK [3][-]{subsubsection.10.2.1}{\376\377\000Z\000o\000n\000e\000\040\000C\000o\000n\000f\000i\000g\000u\000r\000a\000t\000i\000o\000n}{subsection.10.2}% 79
\BOOKMARK [2][-]{subsection.10.3}{\376\377\000Z\000o\000n\000e\000\040\000D\000e\000f\000i\000n\000i\000t\000i\000o\000n\000s}{section.10}% 80
\BOOKMARK [2][-]{subsection.10.4}{\376\377\000E\000x\000a\000m\000p\000l\000e\000\040\000C\000o\000n\000f\000i\000g\000u\000r\000a\000t\000i\000o\000n}{section.10}% 81
\BOOKMARK [1][-]{section.11}{\376\377\000O\000\046\000M\000\040\000V\000e\000g\000e\000t\000a\000t\000i\000o\000n\000\040\000M\000a\000n\000a\000g\000e\000m\000e\000n\000t}{}% 82
\BOOKMARK [2][-]{subsection.11.1}{\376\377\000P\000u\000r\000p\000o\000s\000e}{section.11}% 83
\BOOKMARK [2][-]{subsection.11.2}{\376\377\000P\000a\000r\000a\000m\000e\000t\000e\000r\000\040\000C\000h\000o\000i\000c\000e\000s}{section.11}% 84
\BOOKMARK [2][-]{subsection.11.3}{\376\377\000E\000x\000a\000m\000p\000l\000e\000\040\000C\000o\000n\000f\000i\000g\000u\000r\000a\000t\000i\000o\000n}{section.11}% 85
\BOOKMARK [1][-]{section.12}{\376\377\000C\000a\000t\000e\000g\000o\000r\000y\000-\000S\000p\000e\000c\000i\000f\000i\000c\000\040\000O\000\046\000M\000\040\000C\000o\000s\000t\000s}{}% 86
\BOOKMARK [2][-]{subsection.12.1}{\376\377\000C\000o\000n\000d\000u\000c\000t\000o\000r\000\040\000O\000\046\000M}{section.12}% 87
\BOOKMARK [2][-]{subsection.12.2}{\376\377\000S\000t\000r\000u\000c\000t\000u\000r\000e\000\040\000O\000\046\000M}{section.12}% 88
\BOOKMARK [2][-]{subsection.12.3}{\376\377\000C\000o\000n\000v\000e\000r\000t\000e\000r\000\040\000O\000\046\000M}{section.12}% 89
\BOOKMARK [1][-]{section.13}{\376\377\000E\000m\000i\000s\000s\000i\000o\000n\000s\000\040\000R\000e\000d\000u\000c\000t\000i\000o\000n\000s}{}% 90
\BOOKMARK [2][-]{subsection.13.1}{\376\377\000P\000u\000r\000p\000o\000s\000e}{section.13}% 91
\BOOKMARK [2][-]{subsection.13.2}{\376\377\000P\000a\000r\000a\000m\000e\000t\000e\000r\000\040\000C\000h\000o\000i\000c\000e\000s}{section.13}% 92
\BOOKMARK [3][-]{subsubsection.13.2.1}{\376\377\000C\000o\000m\000p\000e\000n\000s\000a\000t\000i\000o\000n\000\040\000P\000e\000r\000c\000e\000n\000t\000a\000g\000e}{subsection.13.2}% 93
\BOOKMARK [3][-]{subsubsection.13.2.2}{\376\377\000E\000n\000e\000r\000g\000y\000\040\000S\000o\000u\000r\000c\000e\000\040\000M\000i\000x}{subsection.13.2}% 94
\BOOKMARK [3][-]{subsubsection.13.2.3}{\376\377\000E\000m\000i\000s\000s\000i\000o\000n\000\040\000I\000n\000t\000e\000n\000s\000i\000t\000i\000e\000s}{subsection.13.2}% 95
\BOOKMARK [3][-]{subsubsection.13.2.4}{\376\377\000S\000o\000c\000i\000e\000t\000a\000l\000\040\000C\000o\000s\000t\000s}{subsection.13.2}% 96
\BOOKMARK [2][-]{subsection.13.3}{\376\377\000E\000x\000a\000m\000p\000l\000e\000\040\000C\000o\000n\000f\000i\000g\000u\000r\000a\000t\000i\000o\000n}{section.13}% 97
\BOOKMARK [1][-]{section.14}{\376\377\000C\000o\000n\000g\000e\000s\000t\000i\000o\000n\000\040\000R\000e\000d\000u\000c\000t\000i\000o\000n\000s}{}% 98
\BOOKMARK [2][-]{subsection.14.1}{\376\377\000P\000u\000r\000p\000o\000s\000e}{section.14}% 99
\BOOKMARK [2][-]{subsection.14.2}{\376\377\000P\000a\000r\000a\000m\000e\000t\000e\000r\000\040\000C\000h\000o\000i\000c\000e\000s}{section.14}% 100
\BOOKMARK [3][-]{subsubsection.14.2.1}{\376\377\000G\000r\000e\000e\000n\000f\000i\000e\000l\000d\000\040\000C\000o\000n\000g\000e\000s\000t\000i\000o\000n\000\040\000R\000e\000d\000u\000c\000t\000i\000o\000n\000s}{subsection.14.2}% 101
\BOOKMARK [3][-]{subsubsection.14.2.2}{\376\377\000R\000e\000c\000o\000n\000d\000u\000c\000t\000o\000r\000i\000n\000g\000\040\000C\000o\000n\000g\000e\000s\000t\000i\000o\000n\000\040\000R\000e\000d\000u\000c\000t\000i\000o\000n\000s}{subsection.14.2}% 102
\BOOKMARK [2][-]{subsection.14.3}{\376\377\000E\000x\000a\000m\000p\000l\000e\000\040\000C\000o\000n\000f\000i\000g\000u\000r\000a\000t\000i\000o\000n}{section.14}% 103
\BOOKMARK [1][-]{section.15}{\376\377\000C\000u\000r\000t\000a\000i\000l\000m\000e\000n\000t\000\040\000R\000e\000d\000u\000c\000t\000i\000o\000n\000s}{}% 104
\BOOKMARK [2][-]{subsection.15.1}{\376\377\000P\000u\000r\000p\000o\000s\000e}{section.15}% 105
\BOOKMARK [2][-]{subsection.15.2}{\376\377\000P\000a\000r\000a\000m\000e\000t\000e\000r\000\040\000C\000h\000o\000i\000c\000e\000s}{section.15}% 106
\BOOKMARK [2][-]{subsection.15.3}{\376\377\000E\000x\000a\000m\000p\000l\000e\000\040\000C\000o\000n\000f\000i\000g\000u\000r\000a\000t\000i\000o\000n}{section.15}% 107
\BOOKMARK [1][-]{section.16}{\376\377\000C\000o\000s\000t\000\040\000T\000i\000m\000i\000n\000g\000\040\000P\000a\000t\000t\000e\000r\000n\000s}{}% 108
\BOOKMARK [2][-]{subsection.16.1}{\376\377\000P\000u\000r\000p\000o\000s\000e}{section.16}% 109
\BOOKMARK [2][-]{subsection.16.2}{\376\377\000P\000a\000r\000a\000m\000e\000t\000e\000r\000\040\000C\000h\000o\000i\000c\000e\000s}{section.16}% 110
\BOOKMARK [2][-]{subsection.16.3}{\376\377\000C\000o\000s\000t\000\040\000C\000a\000t\000e\000g\000o\000r\000i\000e\000s}{section.16}% 111
\BOOKMARK [2][-]{subsection.16.4}{\376\377\000E\000x\000a\000m\000p\000l\000e\000\040\000C\000o\000n\000f\000i\000g\000u\000r\000a\000t\000i\000o\000n}{section.16}% 112
\BOOKMARK [1][-]{section.17}{\376\377\000C\000a\000t\000e\000g\000o\000r\000y\000-\000S\000p\000e\000c\000i\000f\000i\000c\000\040\000T\000e\000c\000h\000n\000i\000c\000a\000l\000\040\000D\000a\000t\000a}{}% 113
\BOOKMARK [2][-]{subsection.17.1}{\376\377\000R\000O\000W\000\040\000W\000i\000d\000t\000h\000s}{section.17}% 114
\BOOKMARK [2][-]{subsection.17.2}{\376\377\000C\000i\000r\000c\000u\000i\000t\000\040\000a\000n\000d\000\040\000R\000e\000s\000i\000s\000t\000a\000n\000c\000e\000\040\000D\000e\000t\000a\000i\000l\000s}{section.17}% 115
\BOOKMARK [1][-]{section.18}{\376\377\000S\000p\000e\000c\000i\000a\000l\000\040\000C\000o\000n\000s\000i\000d\000e\000r\000a\000t\000i\000o\000n\000s}{}% 116
\BOOKMARK [2][-]{subsection.18.1}{\376\377\000P\000r\000o\000j\000e\000c\000t\000\040\000C\000a\000t\000e\000g\000o\000r\000y\000\040\000C\000o\000n\000s\000t\000r\000u\000c\000t\000i\000o\000n}{section.18}% 117
\BOOKMARK [2][-]{subsection.18.2}{\376\377\000R\000e\000c\000o\000n\000d\000u\000c\000t\000o\000r\000i\000n\000g\000\040\000v\000s\000.\000\040\000G\000r\000e\000e\000n\000f\000i\000e\000l\000d}{section.18}% 118
\BOOKMARK [2][-]{subsection.18.3}{\376\377\000A\000C\000\040\000v\000s\000.\000\040\000D\000C}{section.18}% 119
\BOOKMARK [2][-]{subsection.18.4}{\376\377\000C\000o\000n\000s\000t\000r\000u\000c\000t\000i\000o\000n\000\040\000T\000y\000p\000e\000\040\000E\000f\000f\000e\000c\000t\000s}{section.18}% 120
\BOOKMARK [2][-]{subsection.18.5}{\376\377\000T\000e\000r\000r\000a\000i\000n\000\040\000D\000i\000s\000t\000r\000i\000b\000u\000t\000i\000o\000n}{section.18}% 121
\BOOKMARK [1][-]{section.19}{\376\377\000S\000u\000m\000m\000a\000r\000y}{}% 122
