INFO:     Will watch for changes in these directories: ['/Users/danemcfarlane/Work/UT-TransmissionCalc/CTCC/serverFastAPI']
INFO:     Uvicorn running on http://0.0.0.0:8000 (Press CTRL+C to quit)
INFO:     Started reloader process [49399] using WatchFiles
INFO:     Started server process [49402]
INFO:     Waiting for application startup.
INFO:     Application startup complete.
INFO:     127.0.0.1:53768 - "OPTIONS /api/process HTTP/1.1" 200 OK
INFO:     127.0.0.1:53768 - "POST /api/process HTTP/1.1" 200 OK
INFO:     127.0.0.1:53769 - "POST /api/process HTTP/1.1" 200 OK
INFO:     192.168.1.159:53774 - "OPTIONS /api/process HTTP/1.1" 200 OK
INFO:     192.168.1.159:53774 - "POST /api/process HTTP/1.1" 200 OK
WARNING:  WatchFiles detected changes in 'yaml_to_json.py'. Reloading...
INFO:     Shutting down
INFO:     Waiting for application shutdown.
INFO:     Application shutdown complete.
INFO:     Finished server process [49402]
INFO:     Started server process [49847]
INFO:     Waiting for application startup.
INFO:     Application startup complete.
WARNING:  WatchFiles detected changes in 'yaml_to_json.py'. Reloading...
INFO:     Shutting down
INFO:     Waiting for application shutdown.
INFO:     Application shutdown complete.
INFO:     Finished server process [49847]
INFO:     Started server process [50235]
INFO:     Waiting for application startup.
INFO:     Application startup complete.
WARNING:  WatchFiles detected changes in 'yaml_to_json.py'. Reloading...
INFO:     Shutting down
INFO:     Waiting for application shutdown.
INFO:     Application shutdown complete.
INFO:     Finished server process [50235]
INFO:     Started server process [50261]
INFO:     Waiting for application startup.
INFO:     Application startup complete.
WARNING:  WatchFiles detected changes in 'yaml_to_json.py'. Reloading...
INFO:     Shutting down
INFO:     Waiting for application shutdown.
INFO:     Application shutdown complete.
INFO:     Finished server process [50261]
INFO:     Started server process [50282]
INFO:     Waiting for application startup.
INFO:     Application startup complete.
WARNING:  WatchFiles detected changes in 'app/processor.py'. Reloading...
INFO:     Shutting down
INFO:     Waiting for application shutdown.
INFO:     Application shutdown complete.
INFO:     Finished server process [50282]
Process SpawnProcess-6:
Traceback (most recent call last):
  File "/opt/homebrew/Cellar/python@3.13/3.13.7/Frameworks/Python.framework/Versions/3.13/lib/python3.13/multiprocessing/process.py", line 313, in _bootstrap
    self.run()
    ~~~~~~~~^^
  File "/opt/homebrew/Cellar/python@3.13/3.13.7/Frameworks/Python.framework/Versions/3.13/lib/python3.13/multiprocessing/process.py", line 108, in run
    self._target(*self._args, **self._kwargs)
    ~~~~~~~~~~~~^^^^^^^^^^^^^^^^^^^^^^^^^^^^^
  File "/Users/danemcfarlane/Work/UT-TransmissionCalc/CTCC/serverFastAPI/.venv/lib/python3.13/site-packages/uvicorn/_subprocess.py", line 80, in subprocess_started
    target(sockets=sockets)
    ~~~~~~^^^^^^^^^^^^^^^^^
  File "/Users/danemcfarlane/Work/UT-TransmissionCalc/CTCC/serverFastAPI/.venv/lib/python3.13/site-packages/uvicorn/server.py", line 67, in run
    return asyncio_run(self.serve(sockets=sockets), loop_factory=self.config.get_loop_factory())
  File "/opt/homebrew/Cellar/python@3.13/3.13.7/Frameworks/Python.framework/Versions/3.13/lib/python3.13/asyncio/runners.py", line 195, in run
    return runner.run(main)
           ~~~~~~~~~~^^^^^^
  File "/opt/homebrew/Cellar/python@3.13/3.13.7/Frameworks/Python.framework/Versions/3.13/lib/python3.13/asyncio/runners.py", line 118, in run
    return self._loop.run_until_complete(task)
           ~~~~~~~~~~~~~~~~~~~~~~~~~~~~~^^^^^^
  File "uvloop/loop.pyx", line 1518, in uvloop.loop.Loop.run_until_complete
  File "/Users/danemcfarlane/Work/UT-TransmissionCalc/CTCC/serverFastAPI/.venv/lib/python3.13/site-packages/uvicorn/server.py", line 71, in serve
    await self._serve(sockets)
  File "/Users/danemcfarlane/Work/UT-TransmissionCalc/CTCC/serverFastAPI/.venv/lib/python3.13/site-packages/uvicorn/server.py", line 78, in _serve
    config.load()
    ~~~~~~~~~~~^^
  File "/Users/danemcfarlane/Work/UT-TransmissionCalc/CTCC/serverFastAPI/.venv/lib/python3.13/site-packages/uvicorn/config.py", line 439, in load
    self.loaded_app = import_from_string(self.app)
                      ~~~~~~~~~~~~~~~~~~^^^^^^^^^^
  File "/Users/danemcfarlane/Work/UT-TransmissionCalc/CTCC/serverFastAPI/.venv/lib/python3.13/site-packages/uvicorn/importer.py", line 19, in import_from_string
    module = importlib.import_module(module_str)
  File "/opt/homebrew/Cellar/python@3.13/3.13.7/Frameworks/Python.framework/Versions/3.13/lib/python3.13/importlib/__init__.py", line 88, in import_module
    return _bootstrap._gcd_import(name[level:], package, level)
           ~~~~~~~~~~~~~~~~~~~~~~^^^^^^^^^^^^^^^^^^^^^^^^^^^^^^
  File "<frozen importlib._bootstrap>", line 1387, in _gcd_import
  File "<frozen importlib._bootstrap>", line 1360, in _find_and_load
  File "<frozen importlib._bootstrap>", line 1331, in _find_and_load_unlocked
  File "<frozen importlib._bootstrap>", line 935, in _load_unlocked
  File "<frozen importlib._bootstrap_external>", line 1026, in exec_module
  File "<frozen importlib._bootstrap>", line 488, in _call_with_frames_removed
  File "/Users/danemcfarlane/Work/UT-TransmissionCalc/CTCC/serverFastAPI/app/main.py", line 14, in <module>
    from .processor import generate_result
ImportError: cannot import name 'generate_result' from 'app.processor' (/Users/danemcfarlane/Work/UT-TransmissionCalc/CTCC/serverFastAPI/app/processor.py)
WARNING:  WatchFiles detected changes in 'app/processor.py'. Reloading...
INFO:     Started server process [50617]
INFO:     Waiting for application startup.
INFO:     Application startup complete.
WARNING:  WatchFiles detected changes in 'app/processor.py'. Reloading...
INFO:     Shutting down
INFO:     Waiting for application shutdown.
INFO:     Application shutdown complete.
INFO:     Finished server process [50617]
INFO:     Started server process [50638]
INFO:     Waiting for application startup.
INFO:     Application startup complete.
WARNING:  WatchFiles detected changes in 'app/main.py'. Reloading...
INFO:     Shutting down
INFO:     Waiting for application shutdown.
INFO:     Application shutdown complete.
INFO:     Finished server process [50638]
ERROR:    Error loading ASGI app. Attribute "app" not found in module "app.main".
WARNING:  WatchFiles detected changes in 'app/main.py'. Reloading...
INFO:     Started server process [50730]
INFO:     Waiting for application startup.
INFO:     Application startup complete.
