This is pdfTeX, Version 3.141592653-2.6-1.40.27 (TeX Live 2025) (preloaded format=pdflatex 2025.3.8)  20 NOV 2025 14:54
entering extended mode
 restricted \write18 enabled.
 file:line:error style messages enabled.
 %&-line parsing enabled.
**"/Users/ai17/Documents/UT Austin/Research/Webber Energy Group/Comprehensive Transmission Cost Calculator/Python Version/paper/paper1.tex"
(/Users/ai17/Documents/UT Austin/Research/Webber Energy Group/Comprehensive Transmission Cost Calculator/Python Version/paper/paper1.tex
LaTeX2e <2024-11-01> patch level 2
L3 programming layer <2025-01-18>
(/usr/local/texlive/2025/texmf-dist/tex/latex/base/article.cls
Document Class: article 2024/06/29 v1.4n Standard LaTeX document class
(/usr/local/texlive/2025/texmf-dist/tex/latex/base/size11.clo
File: size11.clo 2024/06/29 v1.4n Standard LaTeX file (size option)
)
\c@part=\count196
\c@section=\count197
\c@subsection=\count198
\c@subsubsection=\count199
\c@paragraph=\count266
\c@subparagraph=\count267
\c@figure=\count268
\c@table=\count269
\abovecaptionskip=\skip49
\belowcaptionskip=\skip50
\bibindent=\dimen141
) (/usr/local/texlive/2025/texmf-dist/tex/latex/base/inputenc.sty
Package: inputenc 2024/02/08 v1.3d Input encoding file
\inpenc@prehook=\toks17
\inpenc@posthook=\toks18
) (/usr/local/texlive/2025/texmf-dist/tex/latex/base/fontenc.sty
Package: fontenc 2021/04/29 v2.0v Standard LaTeX package
) (/usr/local/texlive/2025/texmf-dist/tex/latex/lm/lmodern.sty
Package: lmodern 2015/05/01 v1.6.1 Latin Modern Fonts
LaTeX Font Info:    Overwriting symbol font `operators' in version `normal'
(Font)                  OT1/cmr/m/n --> OT1/lmr/m/n on input line 22.
LaTeX Font Info:    Overwriting symbol font `letters' in version `normal'
(Font)                  OML/cmm/m/it --> OML/lmm/m/it on input line 23.
LaTeX Font Info:    Overwriting symbol font `symbols' in version `normal'
(Font)                  OMS/cmsy/m/n --> OMS/lmsy/m/n on input line 24.
LaTeX Font Info:    Overwriting symbol font `largesymbols' in version `normal'
(Font)                  OMX/cmex/m/n --> OMX/lmex/m/n on input line 25.
LaTeX Font Info:    Overwriting symbol font `operators' in version `bold'
(Font)                  OT1/cmr/bx/n --> OT1/lmr/bx/n on input line 26.
LaTeX Font Info:    Overwriting symbol font `letters' in version `bold'
(Font)                  OML/cmm/b/it --> OML/lmm/b/it on input line 27.
LaTeX Font Info:    Overwriting symbol font `symbols' in version `bold'
(Font)                  OMS/cmsy/b/n --> OMS/lmsy/b/n on input line 28.
LaTeX Font Info:    Overwriting symbol font `largesymbols' in version `bold'
(Font)                  OMX/cmex/m/n --> OMX/lmex/m/n on input line 29.
LaTeX Font Info:    Overwriting math alphabet `\mathbf' in version `normal'
(Font)                  OT1/cmr/bx/n --> OT1/lmr/bx/n on input line 31.
LaTeX Font Info:    Overwriting math alphabet `\mathsf' in version `normal'
(Font)                  OT1/cmss/m/n --> OT1/lmss/m/n on input line 32.
LaTeX Font Info:    Overwriting math alphabet `\mathit' in version `normal'
(Font)                  OT1/cmr/m/it --> OT1/lmr/m/it on input line 33.
LaTeX Font Info:    Overwriting math alphabet `\mathtt' in version `normal'
(Font)                  OT1/cmtt/m/n --> OT1/lmtt/m/n on input line 34.
LaTeX Font Info:    Overwriting math alphabet `\mathbf' in version `bold'
(Font)                  OT1/cmr/bx/n --> OT1/lmr/bx/n on input line 35.
LaTeX Font Info:    Overwriting math alphabet `\mathsf' in version `bold'
(Font)                  OT1/cmss/bx/n --> OT1/lmss/bx/n on input line 36.
LaTeX Font Info:    Overwriting math alphabet `\mathit' in version `bold'
(Font)                  OT1/cmr/bx/it --> OT1/lmr/bx/it on input line 37.
LaTeX Font Info:    Overwriting math alphabet `\mathtt' in version `bold'
(Font)                  OT1/cmtt/m/n --> OT1/lmtt/m/n on input line 38.
) (/usr/local/texlive/2025/texmf-dist/tex/latex/geometry/geometry.sty
Package: geometry 2020/01/02 v5.9 Page Geometry
 (/usr/local/texlive/2025/texmf-dist/tex/latex/graphics/keyval.sty
Package: keyval 2022/05/29 v1.15 key=value parser (DPC)
\KV@toks@=\toks19
) (/usr/local/texlive/2025/texmf-dist/tex/generic/iftex/ifvtex.sty
Package: ifvtex 2019/10/25 v1.7 ifvtex legacy package. Use iftex instead.
 (/usr/local/texlive/2025/texmf-dist/tex/generic/iftex/iftex.sty
Package: iftex 2024/12/12 v1.0g TeX engine tests
))
\Gm@cnth=\count270
\Gm@cntv=\count271
\c@Gm@tempcnt=\count272
\Gm@bindingoffset=\dimen142
\Gm@wd@mp=\dimen143
\Gm@odd@mp=\dimen144
\Gm@even@mp=\dimen145
\Gm@layoutwidth=\dimen146
\Gm@layoutheight=\dimen147
\Gm@layouthoffset=\dimen148
\Gm@layoutvoffset=\dimen149
\Gm@dimlist=\toks20
) (/usr/local/texlive/2025/texmf-dist/tex/latex/graphics/graphicx.sty
Package: graphicx 2021/09/16 v1.2d Enhanced LaTeX Graphics (DPC,SPQR)
 (/usr/local/texlive/2025/texmf-dist/tex/latex/graphics/graphics.sty
Package: graphics 2024/08/06 v1.4g Standard LaTeX Graphics (DPC,SPQR)
 (/usr/local/texlive/2025/texmf-dist/tex/latex/graphics/trig.sty
Package: trig 2023/12/02 v1.11 sin cos tan (DPC)
) (/usr/local/texlive/2025/texmf-dist/tex/latex/graphics-cfg/graphics.cfg
File: graphics.cfg 2016/06/04 v1.11 sample graphics configuration
)
Package graphics Info: Driver file: pdftex.def on input line 106.
 (/usr/local/texlive/2025/texmf-dist/tex/latex/graphics-def/pdftex.def
File: pdftex.def 2024/04/13 v1.2c Graphics/color driver for pdftex
))
\Gin@req@height=\dimen150
\Gin@req@width=\dimen151
) (/usr/local/texlive/2025/texmf-dist/tex/latex/booktabs/booktabs.sty
Package: booktabs 2020/01/12 v1.61803398 Publication quality tables
\heavyrulewidth=\dimen152
\lightrulewidth=\dimen153
\cmidrulewidth=\dimen154
\belowrulesep=\dimen155
\belowbottomsep=\dimen156
\aboverulesep=\dimen157
\abovetopsep=\dimen158
\cmidrulesep=\dimen159
\cmidrulekern=\dimen160
\defaultaddspace=\dimen161
\@cmidla=\count273
\@cmidlb=\count274
\@aboverulesep=\dimen162
\@belowrulesep=\dimen163
\@thisruleclass=\count275
\@lastruleclass=\count276
\@thisrulewidth=\dimen164
) (/usr/local/texlive/2025/texmf-dist/tex/latex/amsmath/amsmath.sty
Package: amsmath 2024/11/05 v2.17t AMS math features
\@mathmargin=\skip51

For additional information on amsmath, use the `?' option.
(/usr/local/texlive/2025/texmf-dist/tex/latex/amsmath/amstext.sty
Package: amstext 2021/08/26 v2.01 AMS text
 (/usr/local/texlive/2025/texmf-dist/tex/latex/amsmath/amsgen.sty
File: amsgen.sty 1999/11/30 v2.0 generic functions
\@emptytoks=\toks21
\ex@=\dimen165
)) (/usr/local/texlive/2025/texmf-dist/tex/latex/amsmath/amsbsy.sty
Package: amsbsy 1999/11/29 v1.2d Bold Symbols
\pmbraise@=\dimen166
) (/usr/local/texlive/2025/texmf-dist/tex/latex/amsmath/amsopn.sty
Package: amsopn 2022/04/08 v2.04 operator names
)
\inf@bad=\count277
LaTeX Info: Redefining \frac on input line 233.
\uproot@=\count278
\leftroot@=\count279
LaTeX Info: Redefining \overline on input line 398.
LaTeX Info: Redefining \colon on input line 409.
\classnum@=\count280
\DOTSCASE@=\count281
LaTeX Info: Redefining \ldots on input line 495.
LaTeX Info: Redefining \dots on input line 498.
LaTeX Info: Redefining \cdots on input line 619.
\Mathstrutbox@=\box52
\strutbox@=\box53
LaTeX Info: Redefining \big on input line 721.
LaTeX Info: Redefining \Big on input line 722.
LaTeX Info: Redefining \bigg on input line 723.
LaTeX Info: Redefining \Bigg on input line 724.
\big@size=\dimen167
LaTeX Font Info:    Redeclaring font encoding OML on input line 742.
LaTeX Font Info:    Redeclaring font encoding OMS on input line 743.
\macc@depth=\count282
LaTeX Info: Redefining \bmod on input line 904.
LaTeX Info: Redefining \pmod on input line 909.
LaTeX Info: Redefining \smash on input line 939.
LaTeX Info: Redefining \relbar on input line 969.
LaTeX Info: Redefining \Relbar on input line 970.
\c@MaxMatrixCols=\count283
\dotsspace@=\muskip17
\c@parentequation=\count284
\dspbrk@lvl=\count285
\tag@help=\toks22
\row@=\count286
\column@=\count287
\maxfields@=\count288
\andhelp@=\toks23
\eqnshift@=\dimen168
\alignsep@=\dimen169
\tagshift@=\dimen170
\tagwidth@=\dimen171
\totwidth@=\dimen172
\lineht@=\dimen173
\@envbody=\toks24
\multlinegap=\skip52
\multlinetaggap=\skip53
\mathdisplay@stack=\toks25
LaTeX Info: Redefining \[ on input line 2953.
LaTeX Info: Redefining \] on input line 2954.
) (/usr/local/texlive/2025/texmf-dist/tex/latex/amsfonts/amssymb.sty
Package: amssymb 2013/01/14 v3.01 AMS font symbols
 (/usr/local/texlive/2025/texmf-dist/tex/latex/amsfonts/amsfonts.sty
Package: amsfonts 2013/01/14 v3.01 Basic AMSFonts support
\symAMSa=\mathgroup4
\symAMSb=\mathgroup5
LaTeX Font Info:    Redeclaring math symbol \hbar on input line 98.
LaTeX Font Info:    Overwriting math alphabet `\mathfrak' in version `bold'
(Font)                  U/euf/m/n --> U/euf/b/n on input line 106.
)) (/usr/local/texlive/2025/texmf-dist/tex/latex/hyperref/hyperref.sty
Package: hyperref 2024-11-05 v7.01l Hypertext links for LaTeX
 (/usr/local/texlive/2025/texmf-dist/tex/latex/kvsetkeys/kvsetkeys.sty
Package: kvsetkeys 2022-10-05 v1.19 Key value parser (HO)
) (/usr/local/texlive/2025/texmf-dist/tex/generic/kvdefinekeys/kvdefinekeys.sty
Package: kvdefinekeys 2019-12-19 v1.6 Define keys (HO)
) (/usr/local/texlive/2025/texmf-dist/tex/generic/pdfescape/pdfescape.sty
Package: pdfescape 2019/12/09 v1.15 Implements pdfTeX's escape features (HO)
 (/usr/local/texlive/2025/texmf-dist/tex/generic/ltxcmds/ltxcmds.sty
Package: ltxcmds 2023-12-04 v1.26 LaTeX kernel commands for general use (HO)
) (/usr/local/texlive/2025/texmf-dist/tex/generic/pdftexcmds/pdftexcmds.sty
Package: pdftexcmds 2020-06-27 v0.33 Utility functions of pdfTeX for LuaTeX (HO)
 (/usr/local/texlive/2025/texmf-dist/tex/generic/infwarerr/infwarerr.sty
Package: infwarerr 2019/12/03 v1.5 Providing info/warning/error messages (HO)
)
Package pdftexcmds Info: \pdf@primitive is available.
Package pdftexcmds Info: \pdf@ifprimitive is available.
Package pdftexcmds Info: \pdfdraftmode found.
)) (/usr/local/texlive/2025/texmf-dist/tex/latex/hycolor/hycolor.sty
Package: hycolor 2020-01-27 v1.10 Color options for hyperref/bookmark (HO)
) (/usr/local/texlive/2025/texmf-dist/tex/latex/hyperref/nameref.sty
Package: nameref 2023-11-26 v2.56 Cross-referencing by name of section
 (/usr/local/texlive/2025/texmf-dist/tex/latex/refcount/refcount.sty
Package: refcount 2019/12/15 v3.6 Data extraction from label references (HO)
) (/usr/local/texlive/2025/texmf-dist/tex/generic/gettitlestring/gettitlestring.sty
Package: gettitlestring 2019/12/15 v1.6 Cleanup title references (HO)
 (/usr/local/texlive/2025/texmf-dist/tex/latex/kvoptions/kvoptions.sty
Package: kvoptions 2022-06-15 v3.15 Key value format for package options (HO)
))
\c@section@level=\count289
) (/usr/local/texlive/2025/texmf-dist/tex/latex/etoolbox/etoolbox.sty
Package: etoolbox 2025/02/11 v2.5l e-TeX tools for LaTeX (JAW)
\etb@tempcnta=\count290
) (/usr/local/texlive/2025/texmf-dist/tex/generic/stringenc/stringenc.sty
Package: stringenc 2019/11/29 v1.12 Convert strings between diff. encodings (HO)
)
\@linkdim=\dimen174
\Hy@linkcounter=\count291
\Hy@pagecounter=\count292
 (/usr/local/texlive/2025/texmf-dist/tex/latex/hyperref/pd1enc.def
File: pd1enc.def 2024-11-05 v7.01l Hyperref: PDFDocEncoding definition (HO)
Now handling font encoding PD1 ...
... no UTF-8 mapping file for font encoding PD1
) (/usr/local/texlive/2025/texmf-dist/tex/generic/intcalc/intcalc.sty
Package: intcalc 2019/12/15 v1.3 Expandable calculations with integers (HO)
)
\Hy@SavedSpaceFactor=\count293
 (/usr/local/texlive/2025/texmf-dist/tex/latex/hyperref/puenc.def
File: puenc.def 2024-11-05 v7.01l Hyperref: PDF Unicode definition (HO)
Now handling font encoding PU ...
... no UTF-8 mapping file for font encoding PU
)
Package hyperref Info: Hyper figures OFF on input line 4157.
Package hyperref Info: Link nesting OFF on input line 4162.
Package hyperref Info: Hyper index ON on input line 4165.
Package hyperref Info: Plain pages OFF on input line 4172.
Package hyperref Info: Backreferencing OFF on input line 4177.
Package hyperref Info: Implicit mode ON; LaTeX internals redefined.
Package hyperref Info: Bookmarks ON on input line 4424.
\c@Hy@tempcnt=\count294
 (/usr/local/texlive/2025/texmf-dist/tex/latex/url/url.sty
\Urlmuskip=\muskip18
Package: url 2013/09/16  ver 3.4  Verb mode for urls, etc.
)
LaTeX Info: Redefining \url on input line 4763.
\XeTeXLinkMargin=\dimen175
 (/usr/local/texlive/2025/texmf-dist/tex/generic/bitset/bitset.sty
Package: bitset 2019/12/09 v1.3 Handle bit-vector datatype (HO)
 (/usr/local/texlive/2025/texmf-dist/tex/generic/bigintcalc/bigintcalc.sty
Package: bigintcalc 2019/12/15 v1.5 Expandable calculations on big integers (HO)
))
\Fld@menulength=\count295
\Field@Width=\dimen176
\Fld@charsize=\dimen177
Package hyperref Info: Hyper figures OFF on input line 6042.
Package hyperref Info: Link nesting OFF on input line 6047.
Package hyperref Info: Hyper index ON on input line 6050.
Package hyperref Info: backreferencing OFF on input line 6057.
Package hyperref Info: Link coloring OFF on input line 6062.
Package hyperref Info: Link coloring with OCG OFF on input line 6067.
Package hyperref Info: PDF/A mode OFF on input line 6072.
 (/usr/local/texlive/2025/texmf-dist/tex/latex/base/atbegshi-ltx.sty
Package: atbegshi-ltx 2021/01/10 v1.0c Emulation of the original atbegshi
package with kernel methods
)
\Hy@abspage=\count296
\c@Item=\count297
\c@Hfootnote=\count298
)
Package hyperref Info: Driver (autodetected): hpdftex.
 (/usr/local/texlive/2025/texmf-dist/tex/latex/hyperref/hpdftex.def
File: hpdftex.def 2024-11-05 v7.01l Hyperref driver for pdfTeX
 (/usr/local/texlive/2025/texmf-dist/tex/latex/base/atveryend-ltx.sty
Package: atveryend-ltx 2020/08/19 v1.0a Emulation of the original atveryend package
with kernel methods
)
\Fld@listcount=\count299
\c@bookmark@seq@number=\count300
 (/usr/local/texlive/2025/texmf-dist/tex/latex/rerunfilecheck/rerunfilecheck.sty
Package: rerunfilecheck 2022-07-10 v1.10 Rerun checks for auxiliary files (HO)
 (/usr/local/texlive/2025/texmf-dist/tex/generic/uniquecounter/uniquecounter.sty
Package: uniquecounter 2019/12/15 v1.4 Provide unlimited unique counter (HO)
)
Package uniquecounter Info: New unique counter `rerunfilecheck' on input line 285.
)
\Hy@SectionHShift=\skip54
) (/usr/local/texlive/2025/texmf-dist/tex/latex/biblatex/biblatex.sty
Package: biblatex 2024/03/21 v3.20 programmable bibliographies (PK/MW)
 (/usr/local/texlive/2025/texmf-dist/tex/latex/logreq/logreq.sty
Package: logreq 2010/08/04 v1.0 xml request logger
\lrq@indent=\count301
 (/usr/local/texlive/2025/texmf-dist/tex/latex/logreq/logreq.def
File: logreq.def 2010/08/04 v1.0 logreq spec v1.0
)) (/usr/local/texlive/2025/texmf-dist/tex/latex/base/ifthen.sty
Package: ifthen 2024/03/16 v1.1e Standard LaTeX ifthen package (DPC)
)
\c@tabx@nest=\count302
\c@listtotal=\count303
\c@listcount=\count304
\c@liststart=\count305
\c@liststop=\count306
\c@citecount=\count307
\c@citetotal=\count308
\c@multicitecount=\count309
\c@multicitetotal=\count310
\c@instcount=\count311
\c@maxnames=\count312
\c@minnames=\count313
\c@maxitems=\count314
\c@minitems=\count315
\c@citecounter=\count316
\c@maxcitecounter=\count317
\c@savedcitecounter=\count318
\c@uniquelist=\count319
\c@uniquename=\count320
\c@refsection=\count321
\c@refsegment=\count322
\c@maxextratitle=\count323
\c@maxextratitleyear=\count324
\c@maxextraname=\count325
\c@maxextradate=\count326
\c@maxextraalpha=\count327
\c@abbrvpenalty=\count328
\c@highnamepenalty=\count329
\c@lownamepenalty=\count330
\c@maxparens=\count331
\c@parenlevel=\count332
\blx@tempcnta=\count333
\blx@tempcntb=\count334
\blx@tempcntc=\count335
\c@blx@maxsection=\count336
\blx@maxsegment@0=\count337
\blx@notetype=\count338
\blx@parenlevel@text=\count339
\blx@parenlevel@foot=\count340
\blx@sectionciteorder@0=\count341
\blx@sectionciteorderinternal@0=\count342
\blx@entrysetcounter=\count343
\blx@biblioinstance=\count344
\labelnumberwidth=\skip55
\labelalphawidth=\skip56
\biblabelsep=\skip57
\bibitemsep=\skip58
\bibnamesep=\skip59
\bibinitsep=\skip60
\bibparsep=\skip61
\bibhang=\skip62
\blx@bcfin=\read2
\blx@bcfout=\write3
\blx@langwohyphens=\language90
\c@mincomprange=\count345
\c@maxcomprange=\count346
\c@mincompwidth=\count347
Package biblatex Info: Trying to load biblatex default data model...
Package biblatex Info: ... file 'blx-dm.def' found.
 (/usr/local/texlive/2025/texmf-dist/tex/latex/biblatex/blx-dm.def
File: blx-dm.def 2024/03/21 v3.20 biblatex datamodel (PK/MW)
)
Package biblatex Info: Trying to load biblatex style data model...
Package biblatex Info: ... file 'authoryear.dbx' not found.
Package biblatex Info: Trying to load biblatex custom data model...
Package biblatex Info: ... file 'biblatex-dm.cfg' not found.
\c@afterword=\count348
\c@savedafterword=\count349
\c@annotator=\count350
\c@savedannotator=\count351
\c@author=\count352
\c@savedauthor=\count353
\c@bookauthor=\count354
\c@savedbookauthor=\count355
\c@commentator=\count356
\c@savedcommentator=\count357
\c@editor=\count358
\c@savededitor=\count359
\c@editora=\count360
\c@savededitora=\count361
\c@editorb=\count362
\c@savededitorb=\count363
\c@editorc=\count364
\c@savededitorc=\count365
\c@foreword=\count366
\c@savedforeword=\count367
\c@holder=\count368
\c@savedholder=\count369
\c@introduction=\count370
\c@savedintroduction=\count371
\c@namea=\count372
\c@savednamea=\count373
\c@nameb=\count374
\c@savednameb=\count375
\c@namec=\count376
\c@savednamec=\count377
\c@translator=\count378
\c@savedtranslator=\count379
\c@shortauthor=\count380
\c@savedshortauthor=\count381
\c@shorteditor=\count382
\c@savedshorteditor=\count383
\c@labelname=\count384
\c@savedlabelname=\count385
\c@institution=\count386
\c@savedinstitution=\count387
\c@lista=\count388
\c@savedlista=\count389
\c@listb=\count390
\c@savedlistb=\count391
\c@listc=\count392
\c@savedlistc=\count393
\c@listd=\count394
\c@savedlistd=\count395
\c@liste=\count396
\c@savedliste=\count397
\c@listf=\count398
\c@savedlistf=\count399
\c@location=\count400
\c@savedlocation=\count401
\c@organization=\count402
\c@savedorganization=\count403
\c@origlocation=\count404
\c@savedoriglocation=\count405
\c@origpublisher=\count406
\c@savedorigpublisher=\count407
\c@publisher=\count408
\c@savedpublisher=\count409
\c@language=\count410
\c@savedlanguage=\count411
\c@origlanguage=\count412
\c@savedoriglanguage=\count413
\c@pageref=\count414
\c@savedpageref=\count415
\shorthandwidth=\skip63
\shortjournalwidth=\skip64
\shortserieswidth=\skip65
\shorttitlewidth=\skip66
\shortauthorwidth=\skip67
\shorteditorwidth=\skip68
\locallabelnumberwidth=\skip69
\locallabelalphawidth=\skip70
\localshorthandwidth=\skip71
\localshortjournalwidth=\skip72
\localshortserieswidth=\skip73
\localshorttitlewidth=\skip74
\localshortauthorwidth=\skip75
\localshorteditorwidth=\skip76
Package biblatex Info: Trying to load compatibility code...
Package biblatex Info: ... file 'blx-compat.def' found.
 (/usr/local/texlive/2025/texmf-dist/tex/latex/biblatex/blx-compat.def
File: blx-compat.def 2024/03/21 v3.20 biblatex compatibility (PK/MW)
)
Package biblatex Info: Trying to load generic definitions...
Package biblatex Info: ... file 'biblatex.def' found.
 (/usr/local/texlive/2025/texmf-dist/tex/latex/biblatex/biblatex.def
File: biblatex.def 2024/03/21 v3.20 biblatex compatibility (PK/MW)
\c@textcitecount=\count416
\c@textcitetotal=\count417
\c@textcitemaxnames=\count418
\c@biburlbigbreakpenalty=\count419
\c@biburlbreakpenalty=\count420
\c@biburlnumpenalty=\count421
\c@biburlucpenalty=\count422
\c@biburllcpenalty=\count423
\biburlbigskip=\muskip19
\biburlnumskip=\muskip20
\biburlucskip=\muskip21
\biburllcskip=\muskip22
\c@smartand=\count424
)
Package biblatex Info: Trying to load bibliography style 'authoryear'...
Package biblatex Info: ... file 'authoryear.bbx' found.
 (/usr/local/texlive/2025/texmf-dist/tex/latex/biblatex/bbx/authoryear.bbx
File: authoryear.bbx 2024/03/21 v3.20 biblatex bibliography style (PK/MW)
Package biblatex Info: Trying to load bibliography style 'standard'...
Package biblatex Info: ... file 'standard.bbx' found.
 (/usr/local/texlive/2025/texmf-dist/tex/latex/biblatex/bbx/standard.bbx
File: standard.bbx 2024/03/21 v3.20 biblatex bibliography style (PK/MW)
\c@bbx:relatedcount=\count425
\c@bbx:relatedtotal=\count426
))
Package biblatex Info: Trying to load citation style 'authoryear'...
Package biblatex Info: ... file 'authoryear.cbx' found.
 (/usr/local/texlive/2025/texmf-dist/tex/latex/biblatex/cbx/authoryear.cbx
File: authoryear.cbx 2024/03/21 v3.20 biblatex citation style (PK/MW)
Package biblatex Info: Redefining '\cite'.
Package biblatex Info: Redefining '\parencite'.
Package biblatex Info: Redefining '\footcite'.
Package biblatex Info: Redefining '\footcitetext'.
Package biblatex Info: Redefining '\smartcite'.
Package biblatex Info: Redefining '\textcite'.
Package biblatex Info: Redefining '\textcites'.
)
Package biblatex Info: Trying to load configuration file...
Package biblatex Info: ... file 'biblatex.cfg' found.
 (/usr/local/texlive/2025/texmf-dist/tex/latex/biblatex/biblatex.cfg
File: biblatex.cfg 
)
Package biblatex Info: Input encoding 'utf8' detected.
Package biblatex Info: Document encoding is UTF8 ....
 (/usr/local/texlive/2025/texmf-dist/tex/latex/l3kernel/expl3.sty
Package: expl3 2025-01-18 L3 programming layer (loader) 
 (/usr/local/texlive/2025/texmf-dist/tex/latex/l3backend/l3backend-pdftex.def
File: l3backend-pdftex.def 2024-05-08 L3 backend support: PDF output (pdfTeX)
\l__color_backend_stack_int=\count427
\l__pdf_internal_box=\box54
))
Package biblatex Info: ... and expl3
(biblatex)             2025-01-18 L3 programming layer (loader) 
(biblatex)             is new enough (at least 2020/04/06),
(biblatex)             setting 'casechanger=expl3'.
 (/usr/local/texlive/2025/texmf-dist/tex/latex/biblatex/blx-case-expl3.sty (/usr/local/texlive/2025/texmf-dist/tex/latex/l3packages/xparse/xparse.sty
Package: xparse 2024-08-16 L3 Experimental document command parser
)
Package: blx-case-expl3 2024/03/21 v3.20 expl3 case changing code for biblatex
))
\@quotelevel=\count428
\@quotereset=\count429
LaTeX Font Info:    Trying to load font information for T1+lmr on input line 22.
 (/usr/local/texlive/2025/texmf-dist/tex/latex/lm/t1lmr.fd
File: t1lmr.fd 2015/05/01 v1.6.1 Font defs for Latin Modern
) (./paper1.aux)
\openout1 = `paper1.aux'.

LaTeX Font Info:    Checking defaults for OML/cmm/m/it on input line 22.
LaTeX Font Info:    ... okay on input line 22.
LaTeX Font Info:    Checking defaults for OMS/cmsy/m/n on input line 22.
LaTeX Font Info:    ... okay on input line 22.
LaTeX Font Info:    Checking defaults for OT1/cmr/m/n on input line 22.
LaTeX Font Info:    ... okay on input line 22.
LaTeX Font Info:    Checking defaults for T1/cmr/m/n on input line 22.
LaTeX Font Info:    ... okay on input line 22.
LaTeX Font Info:    Checking defaults for TS1/cmr/m/n on input line 22.
LaTeX Font Info:    ... okay on input line 22.
LaTeX Font Info:    Checking defaults for OMX/cmex/m/n on input line 22.
LaTeX Font Info:    ... okay on input line 22.
LaTeX Font Info:    Checking defaults for U/cmr/m/n on input line 22.
LaTeX Font Info:    ... okay on input line 22.
LaTeX Font Info:    Checking defaults for PD1/pdf/m/n on input line 22.
LaTeX Font Info:    ... okay on input line 22.
LaTeX Font Info:    Checking defaults for PU/pdf/m/n on input line 22.
LaTeX Font Info:    ... okay on input line 22.

*geometry* driver: auto-detecting
*geometry* detected driver: pdftex
*geometry* verbose mode - [ preamble ] result:
* driver: pdftex
* paper: a4paper
* layout: <same size as paper>
* layoutoffset:(h,v)=(0.0pt,0.0pt)
* modes: 
* h-part:(L,W,R)=(72.26999pt, 452.9679pt, 72.26999pt)
* v-part:(T,H,B)=(72.26999pt, 700.50687pt, 72.26999pt)
* \paperwidth=597.50787pt
* \paperheight=845.04684pt
* \textwidth=452.9679pt
* \textheight=700.50687pt
* \oddsidemargin=0.0pt
* \evensidemargin=0.0pt
* \topmargin=-37.0pt
* \headheight=12.0pt
* \headsep=25.0pt
* \topskip=11.0pt
* \footskip=30.0pt
* \marginparwidth=4.0pt
* \marginparsep=10.0pt
* \columnsep=10.0pt
* \skip\footins=10.0pt plus 4.0pt minus 2.0pt
* \hoffset=0.0pt
* \voffset=0.0pt
* \mag=1000
* \@twocolumntrue
* \@twosidefalse
* \@mparswitchfalse
* \@reversemarginfalse
* (1in=72.27pt=25.4mm, 1cm=28.453pt)

(/usr/local/texlive/2025/texmf-dist/tex/context/base/mkii/supp-pdf.mkii
[Loading MPS to PDF converter (version 2006.09.02).]
\scratchcounter=\count430
\scratchdimen=\dimen178
\scratchbox=\box55
\nofMPsegments=\count431
\nofMParguments=\count432
\everyMPshowfont=\toks26
\MPscratchCnt=\count433
\MPscratchDim=\dimen179
\MPnumerator=\count434
\makeMPintoPDFobject=\count435
\everyMPtoPDFconversion=\toks27
) (/usr/local/texlive/2025/texmf-dist/tex/latex/epstopdf-pkg/epstopdf-base.sty
Package: epstopdf-base 2020-01-24 v2.11 Base part for package epstopdf
Package epstopdf-base Info: Redefining graphics rule for `.eps' on input line 485.
 (/usr/local/texlive/2025/texmf-dist/tex/latex/latexconfig/epstopdf-sys.cfg
File: epstopdf-sys.cfg 2010/07/13 v1.3 Configuration of (r)epstopdf for TeX Live
))
Package hyperref Info: Link coloring OFF on input line 22.
 (./paper1.out) (./paper1.out)
\@outlinefile=\write4
\openout4 = `paper1.out'.

Package biblatex Info: Trying to load language 'english'...
Package biblatex Info: ... file 'english.lbx' found.
 (/usr/local/texlive/2025/texmf-dist/tex/latex/biblatex/lbx/english.lbx
File: english.lbx 2024/03/21 v3.20 biblatex localization (PK/MW)
)
Package biblatex Info: Input encoding 'utf8' detected.
Package biblatex Info: Automatic encoding selection.
(biblatex)             Assuming data encoding 'utf8'.
\openout3 = `paper1.bcf'.

Package biblatex Info: Trying to load bibliographic data...
Package biblatex Info: ... file 'paper1.bbl' not found.

No file paper1.bbl.
Package biblatex Info: Reference section=0 on input line 22.
Package biblatex Info: Reference segment=0 on input line 22.
LaTeX Font Info:    Trying to load font information for OT1+lmr on input line 24.
(/usr/local/texlive/2025/texmf-dist/tex/latex/lm/ot1lmr.fd
File: ot1lmr.fd 2015/05/01 v1.6.1 Font defs for Latin Modern
)
LaTeX Font Info:    Trying to load font information for OML+lmm on input line 24.
 (/usr/local/texlive/2025/texmf-dist/tex/latex/lm/omllmm.fd
File: omllmm.fd 2015/05/01 v1.6.1 Font defs for Latin Modern
)
LaTeX Font Info:    Trying to load font information for OMS+lmsy on input line 24.
 (/usr/local/texlive/2025/texmf-dist/tex/latex/lm/omslmsy.fd
File: omslmsy.fd 2015/05/01 v1.6.1 Font defs for Latin Modern
)
LaTeX Font Info:    Trying to load font information for OMX+lmex on input line 24.
 (/usr/local/texlive/2025/texmf-dist/tex/latex/lm/omxlmex.fd
File: omxlmex.fd 2015/05/01 v1.6.1 Font defs for Latin Modern
)
LaTeX Font Info:    External font `lmex10' loaded for size
(Font)              <12> on input line 24.
LaTeX Font Info:    External font `lmex10' loaded for size
(Font)              <8> on input line 24.
LaTeX Font Info:    External font `lmex10' loaded for size
(Font)              <6> on input line 24.
LaTeX Font Info:    Trying to load font information for U+msa on input line 24.
 (/usr/local/texlive/2025/texmf-dist/tex/latex/amsfonts/umsa.fd
File: umsa.fd 2013/01/14 v3.01 AMS symbols A
)
LaTeX Font Info:    Trying to load font information for U+msb on input line 24.
 (/usr/local/texlive/2025/texmf-dist/tex/latex/amsfonts/umsb.fd
File: umsb.fd 2013/01/14 v3.01 AMS symbols B
)
LaTeX Font Info:    Trying to load font information for TS1+lmr on input line 24.
 (/usr/local/texlive/2025/texmf-dist/tex/latex/lm/ts1lmr.fd
File: ts1lmr.fd 2015/05/01 v1.6.1 Font defs for Latin Modern
)
LaTeX Font Info:    External font `lmex10' loaded for size
(Font)              <9> on input line 24.
LaTeX Font Info:    External font `lmex10' loaded for size
(Font)              <5> on input line 24.


LaTeX Warning: Citation 'EIA2021Interconnections' on page 1 undefined on input line 35.


LaTeX Warning: Citation 'OSHATransmissionDistribution2025' on page 1 undefined on input line 35.


Underfull \hbox (badness 10000) in paragraph at lines 35--36
[]\T1/lmr/m/n/10.95 ).
 []


Underfull \hbox (badness 5260) in paragraph at lines 35--36
\T1/lmr/m/n/10.95 How-ever, to-day's trans-mis-sion sys-tem is
 []


Underfull \hbox (badness 1527) in paragraph at lines 35--36
\T1/lmr/m/n/10.95 ex-pan-sion of trans-mis-sion in-fras-truc-ture is
 []


LaTeX Warning: Citation 'ReliabilityExplainerFederal' on page 1 undefined on input line 37.


LaTeX Warning: Citation 'stoneCompoundClimateInfrastructure2021' on page 1 undefined on input line 37.


LaTeX Warning: Citation 'CleanCheapterStrongerPEW' on page 1 undefined on input line 37.


LaTeX Warning: Citation 'lawsonVariableRenewableEnergy' on page 1 undefined on input line 37.


LaTeX Warning: Citation 'NationalTransmissionNeeds2023' on page 1 undefined on input line 37.


LaTeX Warning: Citation 'nercITCS2024' on page 1 undefined on input line 37.


Underfull \hbox (badness 10000) in paragraph at lines 37--38
[]\T1/lmr/m/n/10.95 A re-li-able elec-tric grid meets elec-
 []


Underfull \hbox (badness 10000) in paragraph at lines 37--38
\T1/lmr/m/n/10.95 tric de-mand and is able to with-
 []


Underfull \hbox (badness 10000) in paragraph at lines 37--38
\T1/lmr/m/n/10.95 stand rea-son-able lev-els of dis-tur-bances
 []


Underfull \hbox (badness 10000) in paragraph at lines 37--38
\T1/lmr/m/n/10.95 ([]). As a
 []


Underfull \hbox (badness 4872) in paragraph at lines 37--38
\T1/lmr/m/n/10.95 ma-jor - and the most ex-posed - part
 []


Underfull \hbox (badness 10000) in paragraph at lines 37--38
\T1/lmr/m/n/10.95 of the grid, ad-e-quate trans-mis-sion in-
 []


Underfull \hbox (badness 10000) in paragraph at lines 37--38
\T1/lmr/m/n/10.95 fras-truc-ture is es-sen-tial for main-tain-ing
 []


Underfull \hbox (badness 3977) in paragraph at lines 37--38
\T1/lmr/m/n/10.95 re-li-a-bil-ity. Power out-ages in-creased by
 []


Underfull \hbox (badness 1158) in paragraph at lines 37--38
\T1/lmr/m/n/10.95 60% be-tween 2015 and 2020, re-sult-ing in
 []


Overfull \hbox (21.23578pt too wide) in paragraph at lines 37--38
\T1/lmr/m/n/10.95 ([];
 []


Underfull \hbox (badness 2020) in paragraph at lines 37--38
\T1/lmr/m/n/10.95 to re-duce out-ages and en-hance re-li-a-bil-ity
 []


Underfull \hbox (badness 10000) in paragraph at lines 37--38
\T1/lmr/m/n/10.95 2050([]).
 []




LaTeX Warning: Citation 'clackConsumerEmploymentEnvironmental' on page 1 undefined on input line 39.


LaTeX Warning: Citation 'DOE2024NTPS' on page 1 undefined on input line 39.


Underfull \hbox (badness 1072) in paragraph at lines 39--40
\T1/lmr/m/n/10.95 ex-pan-sion of trans-mis-sion ca-pac-ity re-duces
 []


Underfull \hbox (badness 1024) in paragraph at lines 39--40
\T1/lmr/m/n/10.95 can sig-nif-i-cantly out-weigh as-so-ci-ated costs.
 []


Underfull \hbox (badness 1005) in paragraph at lines 39--40
\T1/lmr/m/n/10.95 re-duce a typ-i-cal U.S. house-hold elec-tric-ity
 []


Underfull \hbox (badness 2495) in paragraph at lines 39--40
\T1/lmr/m/n/10.95 bill by over $25 per month or ap-prox-i-
 []


Underfull \hbox (badness 1609) in paragraph at lines 39--40
\T1/lmr/m/n/10.95 mately $300 per year, rep-re-sent-ing about
 []


Overfull \hbox (23.61401pt too wide) in paragraph at lines 39--40
\T1/lmr/m/n/10.95 ([]).
 []


Underfull \hbox (badness 3525) in paragraph at lines 39--40
\T1/lmr/m/n/10.95 sion can re-sult in sav-ings rang-ing from
 []


Underfull \hbox (badness 2393) in paragraph at lines 39--40
\T1/lmr/m/n/10.95 $1.60 to $1.80, trans-lat-ing into po-ten-tial
 []


Underfull \hbox (badness 1852) in paragraph at lines 39--40
\T1/lmr/m/n/10.95 cu-mu-la-tive sav-ings ap-proach-ing $1 tril-lion
 []


Underfull \hbox (badness 1097) in paragraph at lines 39--40
\T1/lmr/m/n/10.95 in elec-tric-ity sys-tem cost sav-ings by 2035
 []


Underfull \vbox (badness 10000) has occurred while \output is active []



[1{/usr/local/texlive/2025/texmf-var/fonts/map/pdftex/updmap/pdftex.map}{/usr/local/texlive/2025/texmf-dist/fonts/enc/dvips/lm/lm-ec.enc}{/usr/local/texlive/2025/texmf-dist/fonts/enc/dvips/lm/lm-ts1.enc}


]

LaTeX Warning: Citation 'DOE2024NTPS' on page 2 undefined on input line 41.


Underfull \hbox (badness 1675) in paragraph at lines 41--42
\T1/lmr/m/n/10.95 ports state, re-gional, and na-tional de-car-
 []


LaTeX Warning: Citation 'FEWERMILES2024' on page 2 undefined on input line 47.


LaTeX Warning: Citation 'joskowFacilitatingTransmissionExpansion2022' on page 2 undefined on input line 47.


Underfull \hbox (badness 10000) in paragraph at lines 47--48
[]\T1/lmr/m/n/10.95 Despite ev-i-dence sup-port-ing ex-panded
 []


Underfull \hbox (badness 5908) in paragraph at lines 47--48
\T1/lmr/m/n/10.95 Con-struc-tion of high-voltage trans-mis-sion
 []


Underfull \hbox (badness 1565) in paragraph at lines 47--48
\T1/lmr/m/n/10.95 of trans-mis-sion built per year was 1,700,
 []


Underfull \hbox (badness 10000) in paragraph at lines 47--48
\T1/lmr/m/n/10.95 tween 2020-2023 ([]).
 []


Underfull \hbox (badness 4096) in paragraph at lines 47--48
\T1/lmr/m/n/10.95 and in-ad-e-quate co-or-di-na-tion, and un-cer-
 []


Overfull \hbox (41.98383pt too wide) in paragraph at lines 47--48
\T1/lmr/m/n/10.95 ([]).
 []


Underfull \hbox (badness 10000) in paragraph at lines 47--48
\T1/lmr/m/n/10.95 of stan-dard-ized method-olo-gies for com-
 []


Underfull \hbox (badness 2828) in paragraph at lines 47--48
\T1/lmr/m/n/10.95 pre-hen-sively valu-ing trans-mis-sion projects,
 []


Underfull \vbox (badness 3179) has occurred while \output is active []




Underfull \hbox (badness 7081) in paragraph at lines 62--62
[]\T1/lmr/bx/n/12 Introduction to Trans-mis-sion
 []


LaTeX Warning: Citation 'EllramTate2021' on page 2 undefined on input line 63.



[2]
Underfull \hbox (badness 4316) in paragraph at lines 65--65
[]\T1/lmr/bx/n/12 Factors In-flu-enc-ing Trans-mis-
 []


LaTeX Warning: Citation 'AndradeBaldick2017' on page 3 undefined on input line 66.


LaTeX Warning: Citation 'MISO2024CostGuide' on page 3 undefined on input line 66.


LaTeX Warning: Citation 'AndradeBaldick2017' on page 3 undefined on input line 66.


LaTeX Warning: Citation 'IUB2021EminentDomainFAQ' on page 3 undefined on input line 66.


LaTeX Warning: Citation 'MISO2024CostGuide' on page 3 undefined on input line 66.


LaTeX Warning: Citation 'WI_DATCP_ROW' on page 3 undefined on input line 66.


LaTeX Warning: Citation 'Vanacker2021GrainBeltCondemnation' on page 3 undefined on input line 66.


Underfull \hbox (badness 3078) in paragraph at lines 66--67
\T1/lmr/m/n/10.95 There is wide vari-abil-ity in trans-mis-sion
 []


Underfull \hbox (badness 3568) in paragraph at lines 66--67
\T1/lmr/m/n/10.95 pet-i-tive Re-new-able En-ergy Zone (CREZ)
 []


Underfull \hbox (badness 1308) in paragraph at lines 66--67
\T1/lmr/m/n/10.95 trans-mis-sion lines had an av-er-age cost of
 []


Underfull \hbox (badness 3281) in paragraph at lines 66--67
\T1/lmr/m/n/10.95 around $2,500 per MW-mile, while Cal-
 []


Underfull \hbox (badness 3792) in paragraph at lines 66--67
\T1/lmr/m/n/10.95 i-for-nia's Sun-rise Pow-er-link had an av-er-
 []


Underfull \hbox (badness 1348) in paragraph at lines 66--67
\T1/lmr/m/n/10.95 age cost of around $16,000 per MW-mile
 []


Underfull \hbox (badness 1226) in paragraph at lines 66--67
\T1/lmr/m/n/10.95 (i.e., fees paid to off-set wet-land im-pacts)
 []


Underfull \hbox (badness 4886) in paragraph at lines 66--67
\T1/lmr/m/n/10.95 Moun-tain-ous ter-rain may add ad-di-tional
 []


Underfull \hbox (badness 1127) in paragraph at lines 66--67
\T1/lmr/m/n/10.95 Sec-ond, the level of de-vel-op-ment on land
 []


Underfull \hbox (badness 2744) in paragraph at lines 66--67
\T1/lmr/m/n/10.95 needed for a project un-der con-sid-er-a-tion
 []


Underfull \hbox (badness 1205) in paragraph at lines 66--67
\T1/lmr/m/n/10.95 some lines were nec-es-sar-ily con-structed in
 []


Underfull \hbox (badness 2165) in paragraph at lines 66--67
\T1/lmr/m/n/10.95 ne-go-ti-a-tions, ap-praisals, counter-appraisals,
 []


Underfull \hbox (badness 1430) in paragraph at lines 66--67
\T1/lmr/m/n/10.95 mul-ti-ple landown-ers and in-ter-ested par-ties
 []


Underfull \hbox (badness 2213) in paragraph at lines 66--67
\T1/lmr/m/n/10.95 ([]). Costs
 []


Underfull \hbox (badness 3281) in paragraph at lines 66--67
\T1/lmr/m/n/10.95 of the Grain Belt Ex-press (an 800-mile
 []


Overfull \hbox (0.74713pt too wide) in paragraph at lines 66--67
\T1/lmr/m/n/10.95 ([]). 
 []




LaTeX Warning: Citation 'Kaeding2023CardinalHickory' on page 3 undefined on input line 68.


LaTeX Warning: Citation 'BaranoffNorris2024' on page 3 undefined on input line 68.


LaTeX Warning: Citation 'AndradeBaldick2017' on page 3 undefined on input line 68.


Underfull \hbox (badness 2261) in paragraph at lines 68--69
\T1/lmr/m/n/10.95 in 2018 ([]).
 []


Underfull \vbox (badness 10000) has occurred while \output is active []



[3]

LaTeX Warning: Citation 'Larsen2016' on page 4 undefined on input line 78.


LaTeX Warning: Citation 'TeegalaSingal2016' on page 4 undefined on input line 78.


LaTeX Warning: Citation 'NREL_ReEDS_2019Doc' on page 4 undefined on input line 80.


LaTeX Warning: Citation 'JenkinsSepulveda2017_GenX' on page 4 undefined on input line 80.


LaTeX Warning: Citation 'LopezEtAl2025_NREL_TechnicalPotential' on page 4 undefined on input line 80.


Underfull \hbox (badness 7415) in paragraph at lines 80--81
\T1/lmr/m/n/10.95 Re-new-able En-ergy Lab-o-ra-tory's Re-gional
 []


Underfull \hbox (badness 2111) in paragraph at lines 80--81
\T1/lmr/m/n/10.95 En-ergy De-ploy-ment Sys-tem (ReEDS) and
 []


Underfull \hbox (badness 3930) in paragraph at lines 80--81
\T1/lmr/m/n/10.95 MITs GenX ([];
 []


Underfull \hbox (badness 6493) in paragraph at lines 80--81
[]\T1/lmr/m/n/10.95 ). Both
 []


Underfull \hbox (badness 1178) in paragraph at lines 80--81
\T1/lmr/m/n/10.95 In-cluded in these sorts of sim-u-la-tions are
 []


Underfull \hbox (badness 1552) in paragraph at lines 80--81
\T1/lmr/m/n/10.95 the ac-tual trans-mis-sion needs. As such,
 []


Underfull \hbox (badness 1418) in paragraph at lines 80--81
\T1/lmr/m/n/10.95 trans-mis-sion is given some es-ti-mated cost
 []


Underfull \hbox (badness 2460) in paragraph at lines 80--81
\T1/lmr/m/n/10.95 MW-mile cost as-sump-tion over an en-tire
 []


Overfull \hbox (29.53566pt too wide) in paragraph at lines 80--81
\T1/lmr/m/n/10.95 ([]).
 []


Underfull \hbox (badness 1418) in paragraph at lines 80--81
\T1/lmr/m/n/10.95 for de-tailed, project-level de-ci-sion mak-ing.
 []




LaTeX Warning: Citation 'LBNL_REFA_Manual_2025' on page 4 undefined on input line 82.


Underfull \hbox (badness 3635) in paragraph at lines 82--83
[]\T1/lmr/m/n/10.95 The Re-con-duc-tor-ing Eco-nomic and Fi-
 []


Underfull \hbox (badness 6047) in paragraph at lines 82--83
\T1/lmr/m/n/10.95 nan-cial Anal-y-sis (REFA) tool de-vel-oped
 []


Underfull \hbox (badness 1917) in paragraph at lines 82--83
\T1/lmr/m/n/10.95 by Lawrence Berkely Na-tional Lab-o-ra-tory
 []


Underfull \hbox (badness 1024) in paragraph at lines 82--83
\T1/lmr/m/n/10.95 has in-her-ent lim-i-ta-tions given its pur-pose.
 []


Underfull \hbox (badness 1082) in paragraph at lines 82--83
\T1/lmr/m/n/10.95 ing hard cost com-po-nents - not in-clud-ing
 []


LaTeX Warning: Citation 'PLSCADD2012' on page 4 undefined on input line 86.



[4]

LaTeX Warning: Citation 'MISO2024CostGuide' on page 5 undefined on input line 88.


Underfull \hbox (badness 1009) in paragraph at lines 88--89
\T1/lmr/m/n/10.95 as well as the hard costs as-so-ci-ated with
 []


Underfull \hbox (badness 1270) in paragraph at lines 88--89
\T1/lmr/m/n/10.95 the con-struc-tion of a trans-mis-sion project
 []


LaTeX Warning: Citation 'Tesfa2024PJM' on page 5 undefined on input line 90.


Underfull \vbox (badness 10000) has occurred while \output is active []




Underfull \hbox (badness 1694) in paragraph at lines 92--92
[]\T1/lmr/bx/n/12 The Need for Com-pre-hen-sive
 []


LaTeX Warning: Citation 'FERC2024JointConcurrence1920' on page 5 undefined on input line 95.


Underfull \hbox (badness 1102) in paragraph at lines 95--96
\T1/lmr/m/n/10.95 bear un-ex-pected over-runs. On the other
 []



[5]
Underfull \hbox (badness 1789) in paragraph at lines 98--99
\T1/lmr/m/n/10.95 In sum-mary, ex-ist-ing trans-mis-sion cost-ing
 []


Underfull \hbox (badness 2126) in paragraph at lines 98--99
\T1/lmr/m/n/10.95 meth-ods are frag-mented and in-suf-fi-ciently
 []


Underfull \hbox (badness 10000) in paragraph at lines 126--127
[]\T1/lmr/m/n/10.95 Various con-struc-tion and tech-nol-ogy
 []




Underfull \hbox (badness 3471) in paragraph at lines 130--131
[]\T1/lmr/m/n/10.95 Congestion and cur-tail-ment re-duc-tion
 []


Underfull \hbox (badness 1436) in paragraph at lines 139--140
[]\T1/lmr/m/n/10.95 By in-cor-po-rat-ing these com-po-nents, the
 []

LaTeX Font Info:    External font `lmex10' loaded for size
(Font)              <10.95> on input line 143.

Overfull \hbox (498.90407pt too wide) detected at line 149
[][][][] \OT1/lmr/m/n/10.95 = [] + [] + [] + [] + [] \OMS/lmsy/m/n/10.95 ^^@ []
 []



[6{/usr/local/texlive/2025/texmf-dist/fonts/enc/dvips/lm/lm-mathit.enc}{/usr/local/texlive/2025/texmf-dist/fonts/enc/dvips/lm/lm-rm.enc}{/usr/local/texlive/2025/texmf-dist/fonts/enc/dvips/lm/lm-mathsy.enc}]
Underfull \hbox (badness 1189) in paragraph at lines 160--161
\T1/lmr/m/n/10.95 duc-tors, struc-tures, and con-verter sta-tions
 []




Underfull \hbox (badness 1248) in paragraph at lines 186--187
[]\T1/lmr/bx/n/10.95 Wildfire Costs: \T1/lmr/m/n/10.95 Ex-pected an-nual loss
 []


Underfull \hbox (badness 1990) in paragraph at lines 188--189
[]\T1/lmr/bx/n/10.95 Outage Costs: \T1/lmr/m/n/10.95 Ex-pected an-nual cost
 []



[7]
Underfull \hbox (badness 1701) in paragraph at lines 198--199
\T1/lmr/m/n/10.95 dur-ing the con-struc-tion pe-riod, cal-cu-lated
 []


Underfull \hbox (badness 2326) in paragraph at lines 206--207
\T1/lmr/m/n/10.95 Congestion re-duc-tion ben-e-fits cap-ture the
 []




Underfull \hbox (badness 1102) in paragraph at lines 210--211
\T1/lmr/m/n/10.95 value of avoided re-new-able en-ergy cur-tail-
 []


Overfull \hbox (84.41658pt too wide) detected at line 226
[][][][] \OT1/lmr/m/n/10.95 = [] + [] + [] + [] + [] + [] + [] + [] + []
 []



[8]
Underfull \hbox (badness 1308) in paragraph at lines 240--241
\T1/lmr/m/n/10.95 e-ters. All user-adjustable pa-ram-e-ters are
 []


Underfull \hbox (badness 1342) in paragraph at lines 240--241
\T1/lmr/m/n/10.95 trans-par-ently doc-u-mented, and the frame-
 []




Overfull \hbox (55.26257pt too wide) in paragraph at lines 262--280
 [][] 
 []


Overfull \hbox (35.98904pt too wide) in paragraph at lines 287--297
 [][] 
 []


Underfull \hbox (badness 10000) in paragraph at lines 302--302
[]\T1/lmr/bx/n/12 Scenario 2: Re-con-duc-tored
 []


Overfull \hbox (55.26257pt too wide) in paragraph at lines 308--326
 [][] 
 []


Underfull \vbox (badness 10000) has occurred while \output is active []



[9]
Overfull \hbox (35.98904pt too wide) in paragraph at lines 331--341
 [][] 
 []


Overfull \hbox (55.26257pt too wide) in paragraph at lines 352--370
 [][] 
 []


Overfull \hbox (35.98904pt too wide) in paragraph at lines 375--385
 [][] 
 []





[10

] (./paper1.aux)
 ***********
LaTeX2e <2024-11-01> patch level 2
L3 programming layer <2025-01-18>
 ***********


LaTeX Warning: There were undefined references.

Package rerunfilecheck Info: File `paper1.out' has not changed.
(rerunfilecheck)             Checksum: 8A91FD3D5B74FDCF3060599BEB053B57;5187.

Package biblatex Warning: Please (re)run Biber on the file:
(biblatex)                paper1
(biblatex)                and rerun LaTeX afterwards.

Package logreq Info: Writing requests to 'paper1.run.xml'.
\openout1 = `paper1.run.xml'.

 ) 
Here is how much of TeX's memory you used:
 18013 strings out of 473190
 310941 string characters out of 5715801
 1144446 words of memory out of 5000000
 40998 multiletter control sequences out of 15000+600000
 615269 words of font info for 82 fonts, out of 8000000 for 9000
 1141 hyphenation exceptions out of 8191
 75i,13n,81p,2530b,1174s stack positions out of 10000i,1000n,20000p,200000b,200000s
</usr/local/texlive/2025/texmf-dist/fonts/type1/public/lm/lmbx10.pfb></usr/local/texlive/2025/texmf-dist/fonts/type1/public/lm/lmbx12.pfb></usr/local/texlive/2025/texmf-dist/fonts/type1/public/lm/lmmi10.pfb></usr/local/texlive/2025/texmf-dist/fonts/type1/public/lm/lmmi8.pfb></usr/local/texlive/2025/texmf-dist/fonts/type1/public/lm/lmr10.pfb></usr/local/texlive/2025/texmf-dist/fonts/type1/public/lm/lmr12.pfb></usr/local/texlive/2025/texmf-dist/fonts/type1/public/lm/lmr17.pfb></usr/local/texlive/2025/texmf-dist/fonts/type1/public/lm/lmr6.pfb></usr/local/texlive/2025/texmf-dist/fonts/type1/public/lm/lmr8.pfb></usr/local/texlive/2025/texmf-dist/fonts/type1/public/lm/lmr9.pfb></usr/local/texlive/2025/texmf-dist/fonts/type1/public/lm/lmsy10.pfb>
Output written on paper1.pdf (10 pages, 260800 bytes).
PDF statistics:
 264 PDF objects out of 1000 (max. 8388607)
 224 compressed objects within 3 object streams
 51 named destinations out of 1000 (max. 500000)
 241 words of extra memory for PDF output out of 10000 (max. 10000000)

